Component: ARM Compiler 5.06 update 6 (build 750) Tool: armlink [4d35ed]

==============================================================================

Section Cross References

    stm32f10x_adc.o(.text) refers to stm32f10x_rcc.o(.text) for RCC_APB2PeriphResetCmd
    stm32f10x_gpio.o(.text) refers to stm32f10x_rcc.o(.text) for RCC_APB2PeriphResetCmd
    stm32f10x_rcc.o(.text) refers to stm32f10x_rcc.o(.data) for APBAHBPrescTable
    stm32f10x_spi.o(.text) refers to stm32f10x_rcc.o(.text) for RCC_APB2PeriphResetCmd
    stm32f10x_tim.o(.text) refers to stm32f10x_rcc.o(.text) for RCC_APB2PeriphResetCmd
    stm32f10x_usart.o(.text) refers to stm32f10x_rcc.o(.text) for RCC_APB2PeriphResetCmd
    filter.o(.text) refers to dflt_clz.o(x$fpl$dflt) for __aeabi_i2d
    filter.o(.text) refers to pow.o(i.pow) for pow
    filter.o(.text) refers to dmul.o(x$fpl$dmul) for __aeabi_dmul
    filter.o(.text) refers to dfix.o(x$fpl$dfix) for __aeabi_d2iz
    filter.o(.text) refers to fdiv.o(x$fpl$fdiv) for __aeabi_fdiv
    filter.o(.text) refers to tanf.o(i.tanf) for tanf
    filter.o(.text) refers to fmul.o(x$fpl$fmul) for __aeabi_fmul
    filter.o(.text) refers to cosf.o(i.cosf) for cosf
    filter.o(.text) refers to faddsub_clz.o(x$fpl$fadd) for __aeabi_fadd
    filter.o(.text) refers to fleqf.o(x$fpl$fleqf) for __aeabi_cfcmple
    filter.o(.text) refers to faddsub_clz.o(x$fpl$fsub) for __aeabi_fsub
    filter.o(.text) refers to faddsub_clz.o(x$fpl$frsb) for __aeabi_frsub
    filter.o(.text) refers to imu.o(.text) for Vector_From_BodyFrame2EarthFrame
    filter.o(.text) refers to filter.o(.bss) for Butter_80HZ_Parameter_Acce
    filter.o(.text) refers to filter.o(.data) for LPF_Cnt
    filter.o(.text) refers to mpu6050.o(.data) for X_Origion
    filter.o(.text) refers to sins.o(.bss) for FilterAfter_NamelessQuad
    filter.o(.text) refers to ddiv.o(x$fpl$ddiv) for __aeabi_ddiv
    filter.o(.text) refers to d2f.o(x$fpl$d2f) for __aeabi_d2f
    filter.o(.text) refers to f2d.o(x$fpl$f2d) for __aeabi_f2d
    filter.o(.text) refers to dflt_clz.o(x$fpl$dfltu) for __aeabi_ui2d
    filter.o(.text) refers to sin.o(i.sin) for sin
    filter.o(.text) refers to daddsub_clz.o(x$fpl$dadd) for __aeabi_dadd
    main.o(.text) refers to system.o(.text) for NCQ_Init
    main.o(.text) refers to delay.o(.text) for delay_ms
    main.o(.text) refers to key.o(.text) for Key_Scan
    main.o(.text) refers to pid.o(.text) for Save_Or_Reset_PID_Parameter
    main.o(.text) refers to calibration.o(.text) for Accel_Calibartion
    main.o(.text) refers to key.o(.data) for Key_Right_Release
    main.o(.text) refers to imu.o(.bss) for Circle_Angle
    main.o(.text) refers to calibration.o(.bss) for DataMag
    main.o(.text) refers to ppm.o(.bss) for PPM_Databuf
    stm32f10x_it.o(.text) refers to stm32f10x_rcc.o(.text) for RCC_GetClocksFreq
    stm32f10x_it.o(.text) refers to system_stm32f10x.o(.text) for SystemCoreClockUpdate
    stm32f10x_it.o(.text) refers to stm32f10x_it.o(.bss) for clocks
    stm32f10x_it.o(.text) refers to stm32f10x_it.o(.data) for usTicks
    calibration.o(.text) refers to fdiv.o(x$fpl$fdiv) for __aeabi_fdiv
    calibration.o(.text) refers to feqf.o(x$fpl$feqf) for __aeabi_cfcmpeq
    calibration.o(.text) refers to fmul.o(x$fpl$fmul) for __aeabi_fmul
    calibration.o(.text) refers to faddsub_clz.o(x$fpl$frsb) for __aeabi_frsub
    calibration.o(.text) refers to faddsub_clz.o(x$fpl$fsub) for __aeabi_fsub
    calibration.o(.text) refers to faddsub_clz.o(x$fpl$fadd) for __aeabi_fadd
    calibration.o(.text) refers to rt_memclr_w.o(.text) for __aeabi_memclr4
    calibration.o(.text) refers to frleqf.o(x$fpl$frleqf) for __aeabi_cfrcmple
    calibration.o(.text) refers to rt_memcpy_w.o(.text) for __aeabi_memcpy4
    calibration.o(.text) refers to dflt_clz.o(x$fpl$dflt) for __aeabi_i2d
    calibration.o(.text) refers to drleqf.o(x$fpl$drleqf) for __aeabi_cdrcmple
    calibration.o(.text) refers to dleqf.o(x$fpl$dleqf) for __aeabi_cdcmple
    calibration.o(.text) refers to bling.o(.text) for Bling_Set
    calibration.o(.text) refers to calibration.o(.constdata) for .constdata
    calibration.o(.text) refers to calibration.o(.data) for new_scales
    calibration.o(.text) refers to calibration.o(.bss) for new_offset
    calibration.o(.text) refers to key.o(.data) for Key_Right_Release
    calibration.o(.text) refers to nrf24l01.o(.data) for Throttle_Control
    calibration.o(.text) refers to bling.o(.data) for Bling_Mode
    calibration.o(.text) refers to bling.o(.bss) for Light_1
    calibration.o(.text) refers to flight_parameter_table.o(.text) for ReadFlashParameterThree
    calibration.o(.text) refers to f2d.o(x$fpl$f2d) for __aeabi_f2d
    calibration.o(.text) refers to ffix.o(x$fpl$ffix) for __aeabi_f2iz
    calibration.o(.text) refers to fleqf.o(x$fpl$fleqf) for __aeabi_cfcmple
    calibration.o(.text) refers to fflt_clz.o(x$fpl$fflt) for __aeabi_i2f
    calibration.o(.text) refers to fflt_clz.o(x$fpl$ffltu) for __aeabi_ui2f
[...]
    Pre_conv                                 0x2000041c   Data          16  sins.o(.data)
    GPSData_To_XY_Home                       0x2000042c   Data           8  sins.o(.data)
    GPS_Home_Set                             0x20000434   Data           1  sins.o(.data)
    X_Delta                                  0x20000438   Data           4  sins.o(.data)
    Y_Delta                                  0x2000043c   Data           4  sins.o(.data)
    GPS_Save_Period_Cnt                      0x20000440   Data           2  sins.o(.data)
    GPS_SINS_Delay_Cnt                       0x20000442   Data           2  sins.o(.data)
    Pos_Err_On_Accel                         0x20000444   Data           8  sins.o(.data)
    Accel_Correction_BF                      0x2000044c   Data           8  sins.o(.data)
    Accel_Correction_EF                      0x20000454   Data           8  sins.o(.data)
    R_GPS                                    0x2000045c   Data           8  sins.o(.data)
    Q_GPS                                    0x20000464   Data           8  sins.o(.data)
    R_Acce_bias                              0x2000046c   Data           8  sins.o(.data)
    Pre_conv_GPS                             0x20000478   Data          64  sins.o(.data)
    Acce_Bias                                0x200004b8   Data           8  sins.o(.data)
    GPS_Vel_Delay_Cnt                        0x200004c0   Data           2  sins.o(.data)
    GPS_Pos_Delay_Cnt                        0x200004c2   Data           2  sins.o(.data)
    GPS_Position_Cnt                         0x200004c4   Data           2  sins.o(.data)
    Acce_bias                                0x200004c8   Data           8  sins.o(.data)
    Horizontal_Delta_T                       0x200004d0   Data           4  sins.o(.data)
    Filter_Defeated_Flag                     0x200004d4   Data           1  sins.o(.data)
    Parameter_Table_FLASHStatus              0x200004e4   Data           1  flight_parameter_table.o(.data)
    NCQ_Fault                                0x200004e8   Data           7  flight_control_fault.o(.data)
    Battery_Valtage                          0x200004f0   Data           4  flight_control_fault.o(.data)
    Accel                                    0x200004f4   Data           6  flight_control_fault.o(.data)
    Gyro                                     0x200004fa   Data           6  flight_control_fault.o(.data)
    Compass                                  0x20000500   Data           6  flight_control_fault.o(.data)
    OpticalFlow_Pos_Ctrl_Expect              0x2000053c   Data           8  opticalflow_control.o(.data)
    OpticalFlow_Pos_Ctrl_Err                 0x20000544   Data           8  opticalflow_control.o(.data)
    OpticalFlow_Pos_Ctrl_Integrate           0x2000054c   Data           8  opticalflow_control.o(.data)
    OpticalFlow_Pos_Ctrl_Output              0x20000554   Data           8  opticalflow_control.o(.data)
    OpticalFlow_Ctrl_Expect                  0x2000055c   Data           8  opticalflow_control.o(.data)
    OpticalFlow_Ctrl_Err                     0x20000564   Data           8  opticalflow_control.o(.data)
    OpticalFlow_Ctrl_Integrate               0x2000056c   Data           8  opticalflow_control.o(.data)
    OpticalFlow_Ctrl_Output                  0x20000574   Data           8  opticalflow_control.o(.data)
    SUCCESS_FLAG                             0x20000588   Data          45  copyright.o(.data)
    Read_Encryption                          0x200005b8   Data           4  copyright.o(.data)
    NC_Genuine_Flag                          0x200005bc   Data           1  copyright.o(.data)
    aass                                     0x200005be   Data           2  copyright.o(.data)
    OpticalFlow_Is_Work                      0x200005c4   Data           1  namelesscorun_opticalflow.o(.data)
    opticalflow_high                         0x200005c8   Data           4  namelesscorun_opticalflow.o(.data)
    opt_filter_data                          0x200005cc   Data           8  namelesscorun_opticalflow.o(.data)
    opt_gyro_data                            0x200005d4   Data           8  namelesscorun_opticalflow.o(.data)
    opt_gyro_filter_data                     0x200005dc   Data           8  namelesscorun_opticalflow.o(.data)
    gyro_filter_data                         0x200005e4   Data           8  namelesscorun_opticalflow.o(.data)
    Optflow_Is_Okay                          0x200005ec   Data           1  namelesscorun_opticalflow.o(.data)
    OpticalFlow_Position                     0x200005f0   Data           8  namelesscorun_opticalflow.o(.data)
    OpticalFlow_Speed                        0x200005f8   Data           8  namelesscorun_opticalflow.o(.data)
    OpticalFlow_Speed_Err                    0x20000600   Data           8  namelesscorun_opticalflow.o(.data)
    OpticalFlow_Position_Err                 0x20000608   Data           8  namelesscorun_opticalflow.o(.data)
    Optflow_Sync_Cnt                         0x20000610   Data           2  namelesscorun_opticalflow.o(.data)
    CF_Parameter                             0x20000614   Data           8  namelesscorun_opticalflow.o(.data)
    SDK_Duty_Cnt                             0x20000620   Data           2  namelesscotrun_sdk.o(.data)
    SDK_Transition_Time                      0x20000622   Data           2  namelesscotrun_sdk.o(.data)
    SDK_Now_Mode                             0x20000630   Data           1  namelesscotrun_sdk.o(.data)
    SDK_Mode_Set                             0x20000631   Data           1  namelesscotrun_sdk.o(.data)
    SDK_Point                                0x20000632   Data           8  namelesscotrun_sdk.o(.data)
    SDK_Recieve_Flag                         0x2000063a   Data           1  namelesscotrun_sdk.o(.data)
    SDK_Target                               0x2000063c   Data           8  namelesscotrun_sdk.o(.data)
    SDK_Target_Offset                        0x20000644   Data           8  namelesscotrun_sdk.o(.data)
    SDK_Target_Yaw_Gyro                      0x2000064c   Data           4  namelesscotrun_sdk.o(.data)
    Bling_Mode                               0x20000686   Data           2  bling.o(.data)
    fac_us                                   0x20000688   Data           1  delay.o(.data)
    fac_ms                                   0x2000068a   Data           2  delay.o(.data)
    flash                                    0x2000068c   Data           4  flash.o(.data)
    FLASHStatus                              0x20000690   Data           1  flash.o(.data)
    Last_Longitude                           0x20000698   Data           8  gps.o(.data)
    Last_Latitude                            0x200006a0   Data           8  gps.o(.data)
    Longitude_Origion                        0x200006a8   Data           4  gps.o(.data)
    Latitude_Origion                         0x200006ac   Data           4  gps.o(.data)
    Longitude                                0x200006b0   Data           8  gps.o(.data)
    Latitude                                 0x200006b8   Data           8  gps.o(.data)
    Longitude_Deg                            0x200006c0   Data           8  gps.o(.data)
    Latitude_Deg                             0x200006c8   Data           8  gps.o(.data)
    Longitude_Min                            0x200006d0   Data           8  gps.o(.data)
    Latitude_Min                             0x200006d8   Data           8  gps.o(.data)
    GPS_Ground_Speed                         0x200006e0   Data           4  gps.o(.data)
    GPS_Yaw                                  0x200006e4   Data           4  gps.o(.data)
    GPS_Quality                              0x200006e8   Data           4  gps.o(.data)
    GPS_Sate_Num                             0x200006ec   Data           2  gps.o(.data)
    Last_GPS_Sate_Num                        0x200006ee   Data           2  gps.o(.data)
    GPS_Speed_Resolve                        0x200006f0   Data           8  gps.o(.data)
    TimeBeijing                              0x200006f8   Data           6  gps.o(.data)
    TimeStr                                  0x200006fe   Data           8  gps.o(.data)
    GPS_Pos_DOP                              0x20000708   Data           4  gps.o(.data)
    GPS_FixType                              0x2000070c   Data           1  gps.o(.data)
    GPS_Fix_Flag                             0x2000070d   Data           4  gps.o(.data)
    Horizontal_Acc_Est                       0x20000712   Data           2  gps.o(.data)
    Vertical_Acc_Est                         0x20000714   Data           2  gps.o(.data)
    Speed_Acc_Est                            0x20000716   Data           2  gps.o(.data)
    High_GPS                                 0x20000718   Data           4  gps.o(.data)
    statusflag                               0x2000071c   Data           1  hmc5883.o(.data)
    status1                                  0x2000071d   Data           1  hmc5883.o(.data)
    status2                                  0x2000071e   Data           1  hmc5883.o(.data)
    status3                                  0x2000071f   Data           1  hmc5883.o(.data)
    Extern_Mag_Work_Flag                     0x20000720   Data           1  hmc5883.o(.data)
    thx                                      0x20000724   Data           4  hmc5883.o(.data)
    thy                                      0x20000728   Data           4  hmc5883.o(.data)
    HMC5883L_Sample_Cnt                      0x2000072c   Data           4  hmc5883.o(.data)
    ts                                       0x20000730   Data           4  ist8310.o(.data)
    Earth_Magnetic_Field_Intensity           0x20000734   Data           4  ist8310.o(.data)
    Page_Number                              0x2000073a   Data           2  key.o(.data)
    QuadShow_Cnt                             0x2000073c   Data           1  key.o(.data)
    Key_Right_Release                        0x2000073d   Data           1  key.o(.data)
    K                                        0x20000740   Data          12  mpu6050.o(.data)
    X_g                                      0x2000074c   Data           4  mpu6050.o(.data)
    Y_g                                      0x20000750   Data           4  mpu6050.o(.data)
    Z_g                                      0x20000754   Data           4  mpu6050.o(.data)
    X_w                                      0x20000758   Data           4  mpu6050.o(.data)
    Y_w                                      0x2000075c   Data           4  mpu6050.o(.data)
    Z_w                                      0x20000760   Data           4  mpu6050.o(.data)
    X_g_av                                   0x20000764   Data           4  mpu6050.o(.data)
    Y_g_av                                   0x20000768   Data           4  mpu6050.o(.data)
    Z_g_av                                   0x2000076c   Data           4  mpu6050.o(.data)
    X_w_av                                   0x20000770   Data           4  mpu6050.o(.data)
    Y_w_av                                   0x20000774   Data           4  mpu6050.o(.data)
    Z_w_av                                   0x20000778   Data           4  mpu6050.o(.data)
    X_w_av_bpf                               0x2000077c   Data           4  mpu6050.o(.data)
    Y_w_av_bpf                               0x20000780   Data           4  mpu6050.o(.data)
    Z_w_av_bpf                               0x20000784   Data           4  mpu6050.o(.data)
    X_g_av_bpf                               0x20000788   Data           4  mpu6050.o(.data)
    Y_g_av_bpf                               0x2000078c   Data           4  mpu6050.o(.data)
    Z_g_av_bpf                               0x20000790   Data           4  mpu6050.o(.data)
    Accel_Parameter                          0x20000794   Data          24  mpu6050.o(.data)
    Gyro_Parameter                           0x200007ac   Data          24  mpu6050.o(.data)
    Butter_1HZ_Parameter_Acce                0x200007c4   Data          24  mpu6050.o(.data)
    Gyro_Range_Mode                          0x200007dc   Data           1  mpu6050.o(.data)
    Gyro_Range_Scale                         0x200007e0   Data           4  mpu6050.o(.data)
    Gyro_Range_Offset_Gain                   0x200007e4   Data           4  mpu6050.o(.data)
    Gyro_X                                   0x200007e8   Data           4  mpu6050.o(.data)
    Gyro_Y                                   0x200007ec   Data           4  mpu6050.o(.data)
    Gyro_Z                                   0x200007f0   Data           4  mpu6050.o(.data)
    Angle_X                                  0x200007f4   Data           4  mpu6050.o(.data)
    Angle_Y                                  0x200007f8   Data           4  mpu6050.o(.data)
    Angle_Z                                  0x200007fc   Data           4  mpu6050.o(.data)
    ACCE_X                                   0x20000800   Data           4  mpu6050.o(.data)
    ACCE_Y                                   0x20000804   Data           4  mpu6050.o(.data)
    ACCE_Z                                   0x20000808   Data           4  mpu6050.o(.data)
    Acce_Correct                             0x2000080c   Data           6  mpu6050.o(.data)
    Acce_Correct_Update_Flag                 0x20000812   Data           1  mpu6050.o(.data)
    X_Origion                                0x20000814   Data           4  mpu6050.o(.data)
    Y_Origion                                0x20000818   Data           4  mpu6050.o(.data)
    Z_Origion                                0x2000081c   Data           4  mpu6050.o(.data)
    RC_Buttom                                0x20000820   Data           2  nrf24l01.o(.data)
    RC_Top                                   0x20000822   Data           2  nrf24l01.o(.data)
    RC_Middle                                0x20000824   Data           2  nrf24l01.o(.data)
    RC_Deadband                              0x20000826   Data           2  nrf24l01.o(.data)
    RC_Deadzone_Buttom                       0x20000828   Data           2  nrf24l01.o(.data)
    RC_Deadzone_Top                          0x2000082a   Data           2  nrf24l01.o(.data)
    g_NRFRevCnt                              0x2000082c   Data           1  nrf24l01.o(.data)
    NRF24L01_CNT                             0x2000082e   Data           2  nrf24l01.o(.data)
    PPM_LPF_Databuf                          0x20000830   Data           8  nrf24l01.o(.data)
    Throttle_Rate                            0x20000838   Data           2  nrf24l01.o(.data)
    Throttle_Control                         0x2000083a   Data           2  nrf24l01.o(.data)
    Pitch_Control                            0x2000083c   Data           2  nrf24l01.o(.data)
    Roll_Control                             0x2000083e   Data           2  nrf24l01.o(.data)
    Yaw_Control                              0x20000840   Data           2  nrf24l01.o(.data)
    Target_Angle                             0x20000842   Data           4  nrf24l01.o(.data)
    Last_Throttle_Control                    0x20000846   Data           2  nrf24l01.o(.data)
    Pre_Last_Throttle_Control                0x20000848   Data           2  nrf24l01.o(.data)
    Throttle_Base                            0x2000084a   Data           2  nrf24l01.o(.data)
    TempThrottle_Control                     0x2000084c   Data           2  nrf24l01.o(.data)
    QuadData                                 0x2000084e   Data           4  nrf24l01.o(.data)
    QuadRemoteFlag                           0x20000852   Data           4  nrf24l01.o(.data)
    RC_NewData                               0x20000856   Data           8  nrf24l01.o(.data)
    RC_Init_Cnt                              0x2000085e   Data           2  nrf24l01.o(.data)
    Controler_State                          0x20000860   Data           2  nrf24l01.o(.data)
    Auto_ReLock_Cnt                          0x20000862   Data           2  nrf24l01.o(.data)
    Auto_Relock_Flag                         0x20000864   Data           1  nrf24l01.o(.data)
    Auto_Relock_Flag_Set                     0x20000865   Data           1  nrf24l01.o(.data)
    Y_T                                      0x20000866   Data           2  nrf24l01.o(.data)
    T_temp                                   0x20000868   Data           2  nrf24l01.o(.data)
    Temp_RC                                  0x2000086a   Data           2  nrf24l01.o(.data)
    Unlock_Makesure_Cnt                      0x2000086c   Data           2  nrf24l01.o(.data)
    Lock_Makesure_Cnt                        0x2000086e   Data           2  nrf24l01.o(.data)
    Unwanted_Lock_Flag                       0x20000870   Data           2  nrf24l01.o(.data)
    Forced_Lock_Makesure_Cnt                 0x20000872   Data           2  nrf24l01.o(.data)
    PPM_Sample_Cnt                           0x20000874   Data           2  ppm.o(.data)
    PPM_Isr_Cnt                              0x20000876   Data           2  ppm.o(.data)
    Last_PPM_Time                            0x20000878   Data           4  ppm.o(.data)
    PPM_Time                                 0x2000087c   Data           4  ppm.o(.data)
    PPM_Time_Delta                           0x20000880   Data           2  ppm.o(.data)
    PPM_Is_Okay                              0x20000882   Data           2  ppm.o(.data)
    temperature                              0x20000888   Data           4  spl06_001.o(.data)
    pressure                                 0x2000088c   Data           4  spl06_001.o(.data)
    baro_flag                                0x20000890   Data           1  spl06_001.o(.data)
    True_Altitude                            0x20000894   Data           4  spl06_001.o(.data)
    SPL06_001_Offset                         0x20000898   Data           4  spl06_001.o(.data)
    SPL06_001_Offset_Okay                    0x2000089c   Data           1  spl06_001.o(.data)
    SPL06_001_Finished                       0x2000089d   Data           1  spl06_001.o(.data)
    SPL06_001_Filter_P                       0x200008a0   Data           4  spl06_001.o(.data)
    SPL06_001_Filter_high                    0x200008a4   Data           4  spl06_001.o(.data)
    SPL06_001_Cnt                            0x200008a8   Data           4  spl06_001.o(.data)
    Sensor_Init_Flag                         0x200008ae   Data           2  system.o(.data)
    Sensor_Flag                              0x200008b0   Data           5  time.o(.data)
    High_Okay_flag                           0x200008b6   Data           2  time.o(.data)
    Time_Sys                                 0x200008b8   Data           8  time_cnt.o(.data)
    Microsecond_Cnt                          0x200008c0   Data           2  time_cnt.o(.data)
    TIME_ISR_CNT                             0x200008c4   Data           4  time_cnt.o(.data)
    LAST_TIME_ISR_CNT                        0x200008c8   Data           4  time_cnt.o(.data)
    DMA1_MEM_LEN                             0x200008cc   Data           2  usart.o(.data)
    USART_Send_Cnt                           0x200008ce   Data           2  usart.o(.data)
    Buffer                                   0x200008d0   Data           2  usart.o(.data)
    GPS_ISR_CNT                              0x200008d2   Data           2  usart.o(.data)
    Ublox_Try_Cnt                            0x200008d4   Data           2  usart.o(.data)
    Ublox_Try_Buf                            0x200008d6   Data           5  usart.o(.data)
    Ublox_Try_Makesure                       0x200008dc   Data           2  usart.o(.data)
    Ublox_Try_Start                          0x200008de   Data           2  usart.o(.data)
    Ublox_Cnt                                0x200008e0   Data           2  usart.o(.data)
    Ublox_Receive                            0x200008e2   Data           2  usart.o(.data)
    GPS_Update_finished                      0x200008e4   Data           2  usart.o(.data)
    GPS_Update_finished_Correct_Flag         0x200008e6   Data           2  usart.o(.data)
    ANO_Send_PID_Flag                        0x200008e8   Data           6  usart.o(.data)
    ANO_Send_PID_Flag_USB                    0x200008ee   Data           6  usart.o(.data)
    usb_test                                 0x200008f4   Data           6  usart.o(.data)
    ANO_Cnt_USE_USB                          0x200008fa   Data           2  usart.o(.data)
    Sbus_Receive_Flag                        0x200008fe   Data           1  sbus.o(.data)
    LC306_Ready_Cnt                          0x20000900   Data           2  opticalflow_lc306.o(.data)
    MCU_TEPERATE                             0x20000904   Data           4  adc.o(.data)
    average                                  0x20000908   Data           2  adc.o(.data)
    mcu_current_temperate                    0x2000090c   Data           4  adc.o(.data)
    adc4_temp                                0x20000910   Data           4  adc.o(.data)
    US_Distance                              0x20000914   Data           4  us_100.o(.data)
    Test_Cnt1                                0x20000918   Data           8  us_100.o(.data)
    Test_Cnt2                                0x20000920   Data           8  us_100.o(.data)
    Test_Delta                               0x20000928   Data           4  us_100.o(.data)
    HC_SR04_StartFlag                        0x2000092c   Data           1  us_100.o(.data)
    HC_SR04_Distance_Temp                    0x20000930   Data           4  us_100.o(.data)
    HC_SR04_Distance                         0x20000934   Data           4  us_100.o(.data)
    HC_SR04_Distance_Filter                  0x20000938   Data           4  us_100.o(.data)
    HC_SR04_Bubble_Distance                  0x2000093c   Data           4  us_100.o(.data)
    HC_SR04_RSSI                             0x20000940   Data           2  us_100.o(.data)
    Sample_Cnt                               0x20000942   Data           2  us_100.o(.data)
    HCSR_04_Update_Flag                      0x20000944   Data           1  us_100.o(.data)
    HC_SR04_Cnt                              0x20000945   Data           1  us_100.o(.data)
    wrap                                     0x2000095a   Data           1  ssd1306.o(.data)
    _cp437                                   0x2000095b   Data           1  ssd1306.o(.data)
    SystemCoreClock                          0x20000d70   Data           4  system_stm32f10x.o(.data)
    AHBPrescTable                            0x20000d74   Data          16  system_stm32f10x.o(.data)
    HSEStartUpStatus                         0x20000d84   Data           1  hw_config.o(.data)
    EXTI_InitStructure                       0x20000d88   Data           8  hw_config.o(.data)
    Virtual_Com_Port_StringSerial            0x20000d90   Data          38  usb_desc.o(.data)
    wIstr                                    0x20000dc0   Data           2  usb_istr.o(.data)
    bIntPackSOF                              0x20000dc2   Data           1  usb_istr.o(.data)
    esof_counter                             0x20000dc4   Data           4  usb_istr.o(.data)
    wCNTR                                    0x20000dc8   Data           4  usb_istr.o(.data)
    pEpInt_IN                                0x20000dcc   Data          28  usb_istr.o(.data)
    pEpInt_OUT                               0x20000de8   Data          28  usb_istr.o(.data)
    Request                                  0x20000e04   Data           1  usb_prop.o(.data)
    linecoding                               0x20000e08   Data           8  usb_prop.o(.data)
    Device_Table                             0x20000e10   Data           2  usb_prop.o(.data)
    Device_Property                          0x20000e14   Data          48  usb_prop.o(.data)
    User_Standard_Requests                   0x20000e44   Data          36  usb_prop.o(.data)
    Device_Descriptor                        0x20000e68   Data           8  usb_prop.o(.data)
    Config_Descriptor                        0x20000e70   Data           8  usb_prop.o(.data)
    String_Descriptor                        0x20000e78   Data          32  usb_prop.o(.data)
    bDeviceState                             0x20000e98   Data           4  usb_pwr.o(.data)
    fSuspendEnabled                          0x20000e9c   Data           1  usb_pwr.o(.data)
    ResumeS                                  0x20000e9d   Data           2  usb_pwr.o(.data)
    remotewakeupon                           0x20000ea0   Data           4  usb_pwr.o(.data)
    USB_ReceiveFlg                           0x20000ea4   Data           1  queue.o(.data)
    StatusInfo                               0x20000ea6   Data           2  usb_core.o(.data)
    Data_Mul_MaxPacketSize                   0x20000ea8   Data           1  usb_core.o(.data)
    EPindex                                  0x20000eac   Data           1  usb_init.o(.data)
    pInformation                             0x20000eb0   Data           4  usb_init.o(.data)
    pProperty                                0x20000eb4   Data           4  usb_init.o(.data)
    SaveState                                0x20000eb8   Data           2  usb_init.o(.data)
    wInterrupt_Mask                          0x20000eba   Data           2  usb_init.o(.data)
    pUser_Standard_Requests                  0x20000ebc   Data           4  usb_init.o(.data)
    SaveRState                               0x20000ec0   Data           2  usb_int.o(.data)
    SaveTState                               0x20000ec2   Data           2  usb_int.o(.data)
    Yaw_Vel_Feedforward_Output               0x20000ec4   Data           4  control_althold.o(.data)
    Yaw_Vel_Feedforward_Rate                 0x20000ec8   Data           4  control_althold.o(.data)
    Yaw_Vel_Feedforward_Delta                0x20000ecc   Data           4  control_althold.o(.data)
    Last_Yaw_Vel_Target                      0x20000ed0   Data           4  control_althold.o(.data)
    Yaw_Vel_Target                           0x20000ed4   Data           4  control_althold.o(.data)
    Deadband                                 0x20000ed8   Data           2  control_althold.o(.data)
    Deadzone_Min                             0x20000eda   Data           2  control_althold.o(.data)
    Deadzone_Max                             0x20000edc   Data           2  control_althold.o(.data)
    Thr_Top                                  0x20000ede   Data           2  control_althold.o(.data)
    Thr_Buttom                               0x20000ee0   Data           2  control_althold.o(.data)
    Thr_Middle                               0x20000ee2   Data           2  control_althold.o(.data)
    Thr_Push_Over_State                      0x20000ee4   Data           1  control_althold.o(.data)
    land_pos_target                          0x20000ef0   Data           8  control_land.o(.data)
    land_pos_now                             0x20000ef8   Data           8  control_land.o(.data)
    land_home_pos                            0x20000f00   Data           8  control_land.o(.data)
    target_yaw_rate                          0x20000f08   Data           4  control_land.o(.data)
    target_yaw_alt                           0x20000f0c   Data           4  control_land.o(.data)
    Landon_Earth_Cnt                         0x20000f10   Data           2  control_land.o(.data)
    Last_Landon_Earth_Flag                   0x20000f12   Data           1  control_land.o(.data)
    Landon_Earth_Flag                        0x20000f13   Data           1  control_land.o(.data)
    Landon_Earth_Flag_Set                    0x20000f14   Data           1  control_land.o(.data)
    last_handmove_change_mode                0x20000f15   Data           1  control_land.o(.data)
    handmove_change_mode                     0x20000f16   Data           1  control_land.o(.data)
    nav_transition_cnt                       0x20000f18   Data           2  control_land.o(.data)
    nav_transition_flag                      0x20000f1a   Data           2  control_land.o(.data)
    nav_climb_rate_cnt                       0x20000f1c   Data           2  control_land.o(.data)
    nav_decline_rate_cnt                     0x20000f1e   Data           2  control_land.o(.data)
    first_switch_flag                        0x20000f20   Data           2  control_land.o(.data)
    distance_land_mode                       0x20000f22   Data           1  control_land.o(.data)
    last_distance_land_mode                  0x20000f23   Data           1  control_land.o(.data)
    climb_safe_alt_flag                      0x20000f24   Data           1  control_land.o(.data)
    home_fixed_flag                          0x20000f25   Data           1  control_land.o(.data)
    check_pos_handmove                       0x20000f26   Data           1  control_land.o(.data)
    check_alt_handmove                       0x20000f27   Data           1  control_land.o(.data)
    Body_Frame_Accel_Target                  0x20000f40   Data           8  control_poshold.o(.data)
    Body_Frame_Speed_Feedback                0x20000f48   Data           8  control_poshold.o(.data)
    Body_Frame_Pos_Err                       0x20000f50   Data           8  control_poshold.o(.data)
    Body_Frame_Brake_Speed                   0x20000f58   Data           8  control_poshold.o(.data)
    GPS_Speed_Control_Mode                   0x20000f60   Data           1  control_poshold.o(.data)
    accel_target                             0x20000f64   Data           8  control_poshold.o(.data)
    angle_target                             0x20000f6c   Data           8  control_poshold.o(.data)
    Ce                                       0x20000f78   Data          40  filter.o(.bss)
    Butter_80HZ_Parameter_Acce               0x20000fa0   Data          24  filter.o(.bss)
    Butter_60HZ_Parameter_Acce               0x20000fb8   Data          24  filter.o(.bss)
    Butter_51HZ_Parameter_Acce               0x20000fd0   Data          24  filter.o(.bss)
    Butter_30HZ_Parameter_Acce               0x20000fe8   Data          24  filter.o(.bss)
    Butter_20HZ_Parameter_Acce               0x20001000   Data          24  filter.o(.bss)
    Butter_15HZ_Parameter_Acce               0x20001018   Data          24  filter.o(.bss)
    Butter_10HZ_Parameter_Acce               0x20001030   Data          24  filter.o(.bss)
    Butter_5HZ_Parameter_Acce                0x20001048   Data          24  filter.o(.bss)
    Butter_2HZ_Parameter_Acce                0x20001060   Data          24  filter.o(.bss)
    Butter_Buffer                            0x20001078   Data          72  filter.o(.bss)
    Butter_Buffer_Feedback                   0x200010c0   Data          72  filter.o(.bss)
    Butter_Buffer_SINS                       0x20001108   Data          72  filter.o(.bss)
    Notch_Filter_Buffer                      0x20001150   Data          12  filter.o(.bss)
    Bandstop_Filter_Buffer                   0x2000115c   Data          48  filter.o(.bss)
    Acce_Control                             0x2000118c   Data          12  filter.o(.bss)
    Acce_Control_Feedback                    0x20001198   Data          12  filter.o(.bss)
    Acce_SINS                                0x200011a4   Data          12  filter.o(.bss)
    Filter_data                              0x200011b0   Data          16  filter.o(.bss)
    clocks                                   0x200011c0   Data          20  stm32f10x_it.o(.bss)
    Mag_Data                                 0x200011d4   Data          12  calibration.o(.bss)
    new_offset                               0x200011e0   Data          12  calibration.o(.bss)
    Accel_Offset_Read                        0x200011ec   Data          12  calibration.o(.bss)
    Accel_Scale_Read                         0x200011f8   Data          12  calibration.o(.bss)
    acce_sample                              0x20001204   Data          72  calibration.o(.bss)
    Flash_Buf                                0x2000124c   Data          12  calibration.o(.bss)
    Last_Mag_360_Flag                        0x20001258   Data         108  calibration.o(.bss)
    Mag_360_Flag                             0x200012c4   Data         108  calibration.o(.bss)
    Mag                                      0x20001330   Data          24  calibration.o(.bss)
    DataMag                                  0x20001348   Data          12  calibration.o(.bss)
    Mag_Offset_Read                          0x20001354   Data          12  calibration.o(.bss)
    RC_Calibration                           0x20001360   Data         128  calibration.o(.bss)
    Hor_Accel_Offset                         0x200013e0   Data          12  calibration.o(.bss)
    Circle_Angle                             0x200013ec   Data          12  imu.o(.bss)
    rMat                                     0x200013f8   Data          36  imu.o(.bss)
    Quad_Buf                                 0x2000141c   Data         320  imu.o(.bss)
    Gyro_History                             0x2000155c   Data          12  imu.o(.bss)
    Gyro_Delta                               0x20001568   Data          12  imu.o(.bss)
    IMU_Delta                                0x20001574   Data          16  imu.o(.bss)
    gyro                                     0x20001584   Data          12  imu.o(.bss)
    Gyro_Record                              0x20001590   Data         120  imu.o(.bss)
    quad_buffer                              0x20001608   Data         320  imu.o(.bss)
    Butter_Buffer_Gyro_Length                0x20001748   Data          24  imu.o(.bss)
    Body_Motion_Acceleration                 0x20001760   Data          12  imu.o(.bss)
    _omega_P                                 0x2000176c   Data          12  imu.o(.bss)
    _omega_yaw_P                             0x20001778   Data          12  imu.o(.bss)
    _omega_I                                 0x20001784   Data          12  imu.o(.bss)
    _omega_I_sum                             0x20001790   Data          12  imu.o(.bss)
    _omega                                   0x2000179c   Data          12  imu.o(.bss)
    Test_DCM1                                0x200017a8   Data          24  imu.o(.bss)
    Angle_Delta                              0x200017c0   Data          12  imu.o(.bss)
    Acc_Angle_Err                            0x200017cc   Data          12  imu.o(.bss)
    DCM_Euler_Angle                          0x200017d8   Data          12  imu.o(.bss)
    t0                                       0x200017e4   Data          12  imu.o(.bss)
    t1                                       0x200017f0   Data          12  imu.o(.bss)
    t2                                       0x200017fc   Data          12  imu.o(.bss)
    Acc_Correct_I                            0x20001808   Data          12  imu.o(.bss)
    Acc_Correct_Output                       0x20001814   Data          12  imu.o(.bss)
    t0_err                                   0x20001820   Data          12  imu.o(.bss)
    t1_err                                   0x2000182c   Data          12  imu.o(.bss)
    DCM_Delta                                0x20001838   Data          16  imu.o(.bss)
    Control_Device_Div_LPF_Parameter_For_Gyro 0x20001938   Data          24  pid.o(.bss)
    Control_Device_Div_LPF_Parameter         0x20001950   Data          24  pid.o(.bss)
    Control_Device_Err_LPF_Parameter         0x20001968   Data          24  pid.o(.bss)
    Control_Device_SDK_Err_LPF_Parameter     0x20001980   Data          24  pid.o(.bss)
    Total_Controller                         0x20001998   Data        3192  pid.o(.bss)
    PID_Parameter                            0x20002610   Data         168  pid.o(.bss)
    PID_Parameter_Read_Flag                  0x200026b8   Data          14  pid.o(.bss)
    ADRC_Pitch_Controller                    0x200026c8   Data         184  adrc.o(.bss)
    ADRC_Roll_Controller                     0x20002780   Data         184  adrc.o(.bss)
    NamelessQuad                             0x20002838   Data        1272  sins.o(.bss)
    Origion_NamelessQuad                     0x20002d30   Data        1272  sins.o(.bss)
    FilterBefore_NamelessQuad                0x20003228   Data        1272  sins.o(.bss)
    FilterAfter_NamelessQuad                 0x20003720   Data        1272  sins.o(.bss)
    Filter_Feedback_NamelessQuad             0x20003c18   Data        1272  sins.o(.bss)
    SpeedDealt                               0x20004110   Data          12  sins.o(.bss)
    Acce_History                             0x2000411c   Data        1200  sins.o(.bss)
    pos_correction                           0x200045cc   Data          12  sins.o(.bss)
    acc_correction                           0x200045d8   Data          12  sins.o(.bss)
    vel_correction                           0x200045e4   Data          12  sins.o(.bss)
    SINS_High_Delta                          0x200045f0   Data          16  sins.o(.bss)
    GPS_Home                                 0x20004600   Data          12  sins.o(.bss)
    GPS_Present                              0x2000460c   Data          12  sins.o(.bss)
    Body_Frame_To_XYZ                        0x20004618   Data          12  sins.o(.bss)
    Earth_Frame_To_XYZ                       0x20004624   Data          12  sins.o(.bss)
    SINS_Horizontal_Delta                    0x20004630   Data          16  sins.o(.bss)
    K_GPS                                    0x20004640   Data          32  sins.o(.bss)
    Position_History                         0x20004660   Data         400  sins.o(.bss)
    Vel_History                              0x200047f0   Data         400  sins.o(.bss)
    Table_Parameter                          0x20004980   Data         400  flight_parameter_table.o(.bss)
    CpuID                                    0x20004b10   Data          12  copyright.o(.bss)
    Lock_Code                                0x20004b34   Data          20  copyright.o(.bss)
    opt_data                                 0x20004b48   Data          12  namelesscorun_opticalflow.o(.bss)
    opt_origin_data                          0x20004b54   Data          28  namelesscorun_opticalflow.o(.bss)
    OpticalFlow_Parameter                    0x20004b70   Data          24  namelesscorun_opticalflow.o(.bss)
    OpticalFlow_Gyro_Parameter               0x20004b88   Data          24  namelesscorun_opticalflow.o(.bss)
    Buffer_OpticalFlow                       0x20004ba0   Data          48  namelesscorun_opticalflow.o(.bss)
    Buffer_OpticalFlow_Gyro                  0x20004bd0   Data          48  namelesscorun_opticalflow.o(.bss)
    OpticalFlow_SINS                         0x20004c00   Data        1272  namelesscorun_opticalflow.o(.bss)
    Optical_Delta                            0x200050f8   Data          16  namelesscorun_opticalflow.o(.bss)
    SDK_Duty_Status                          0x20005108   Data          50  namelesscotrun_sdk.o(.bss)
    circle_pos_x_delta                       0x20005188   Data         100  namelesscotrun_sdk.o(.bss)
    circle_pos_y_delta                       0x200051ec   Data         100  namelesscotrun_sdk.o(.bss)
    sdk_data_to_send                         0x20005250   Data          50  namelesscotrun_sdk.o(.bss)
    SDK_Line                                 0x20005282   Data          14  namelesscotrun_sdk.o(.bss)
    Light_1                                  0x200052c4   Data          20  bling.o(.bss)
    Light_2                                  0x200052d8   Data          20  bling.o(.bss)
    Light_3                                  0x200052ec   Data          20  bling.o(.bss)
    Last_GPS_Vel                             0x20005300   Data          12  gps.o(.bss)
    GPS_Vel                                  0x2000530c   Data          12  gps.o(.bss)
    GPS_Vel_Div                              0x20005318   Data          12  gps.o(.bss)
    GPS_PVT_Parse_Time_Delta                 0x20005324   Data          16  gps.o(.bss)
    Data_X_MAG                               0x20005334   Data          40  hmc5883.o(.bss)
    Data_Y_MAG                               0x2000535c   Data          40  hmc5883.o(.bss)
    Data_Z_MAG                               0x20005384   Data          40  hmc5883.o(.bss)
    MAGData                                  0x200053ac   Data          12  hmc5883.o(.bss)
    Mag_IST8310                              0x200053b8   Data          44  ist8310.o(.bss)
    B                                        0x200053e4   Data          12  mpu6050.o(.bss)
    imu                                      0x200053f0   Data          48  mpu6050.o(.bss)
    Data_X_g                                 0x20005420   Data          20  mpu6050.o(.bss)
    Data_Y_g                                 0x20005434   Data          20  mpu6050.o(.bss)
    Data_Z_g                                 0x20005448   Data          20  mpu6050.o(.bss)
    gyro_offset                              0x2000545c   Data          12  mpu6050.o(.bss)
    Gyro_BufferData                          0x20005468   Data          72  mpu6050.o(.bss)
    Gyro_BufferData_BPF                      0x200054b0   Data          72  mpu6050.o(.bss)
    Accel_BufferData                         0x200054f8   Data          72  mpu6050.o(.bss)
    Accel_BufferData_BPF                     0x20005540   Data          72  mpu6050.o(.bss)
    DCM_Gyro                                 0x20005588   Data          12  mpu6050.o(.bss)
    DCM_Acc                                  0x20005594   Data          12  mpu6050.o(.bss)
    Butter_Buffer_Correct                    0x200055a0   Data          72  mpu6050.o(.bss)
    Data_buf                                 0x200055e8   Data          32  nrf24l01.o(.bss)
    g_NRFRevData                             0x20005608   Data          32  nrf24l01.o(.bss)
    g_NRFSendData                            0x20005628   Data          32  nrf24l01.o(.bss)
    NRF_Time                                 0x20005648   Data          16  nrf24l01.o(.bss)
    RC_LPF_Buffer                            0x20005658   Data          96  nrf24l01.o(.bss)
    RC_Control                               0x200056b8   Data          32  nrf24l01.o(.bss)
    NRF24L01_Channel                         0x200056d8   Data          20  nrf24l01.o(.bss)
    PPM_Databuf                              0x2000573c   Data          20  ppm.o(.bss)
    WP_Sensor                                0x2000578c   Data          88  time.o(.bss)
    Baro_Show                                0x200057e4   Data          24  time.o(.bss)
    Time1_Delta                              0x200057fc   Data          16  time.o(.bss)
    DMA_InitStructure                        0x2000580c   Data          44  usart.o(.bss)
    Vcan_Buff                                0x20005838   Data          40  usart.o(.bss)
    OpticalFlow_Ringbuf                      0x20005860   Data          56  usart.o(.bss)
    SBUS_Ringbuf                             0x20005898   Data          56  usart.o(.bss)
    Ublox_Data                               0x200058d0   Data          95  usart.o(.bss)
    GPS_Time_Delta                           0x20005930   Data          16  usart.o(.bss)
    data_to_send                             0x20005940   Data          50  usart.o(.bss)
    SBUS_Channel                             0x20005972   Data          32  sbus.o(.bss)
    SBUS_Channel_User                        0x20005992   Data          32  sbus.o(.bss)
    ADC_Value                                0x200059b2   Data          20  adc.o(.bss)
    Butter_Buffer_HCSR04                     0x200059c8   Data          24  us_100.o(.bss)
    Butter_2HZ_Parameter_HCSR04              0x200059e0   Data          24  us_100.o(.bss)
    HC_SR04_Distance_Record                  0x200059f8   Data          20  us_100.o(.bss)
    HC_SR04_Distance_Div                     0x20005a0c   Data          20  us_100.o(.bss)
    HCSR04_Data                              0x20005a20   Data          20  us_100.o(.bss)
    Mag_LS                                   0x20005a34   Data          76  calibrationroutines.o(.bss)
    USART_InitStructure                      0x20005a80   Data          16  hw_config.o(.bss)
    EP                                       0x20005cf0   Data          32  usb_pwr.o(.bss)
    Hid_RxData                               0x20005d10   Data          64  queue.o(.bss)
    Device_Info                              0x20005d50   Data          28  usb_init.o(.bss)
    UAV_Cushion_Stop_Point                   0x20005d6c   Data          12  control_althold.o(.bss)
    Earth_Frame_Accel_Target                 0x20005d78   Data          12  control_poshold.o(.bss)
    Earth_Frame_Pos_Err                      0x20005d84   Data          12  control_poshold.o(.bss)
    __libspace_start                         0x20005d90   Data          96  libspace.o(.bss)
    __temporary_stack_top$libspace           0x20005df0   Data           0  libspace.o(.bss)



==============================================================================

Memory Map of the image

  Image Entry point : 0x08000131

  Load Region LR_IROM1 (Base: 0x08000000, Size: 0x00028b48, Max: 0x00040000, ABSOLUTE, COMPRESSED[0x00028004])

    Execution Region ER_IROM1 (Exec base: 0x08000000, Load base: 0x08000000, Size: 0x00027bd0, Max: 0x00040000, ABSOLUTE)

    Exec Addr    Load Addr    Size         Type   Attr      Idx    E Section Name        Object

    0x08000000   0x08000000   0x00000130   Data   RO         2475    RESET               startup_stm32f10x_hd.o
    0x08000130   0x08000130   0x00000008   Code   RO         3816  * !!!main             c_w.l(__main.o)
    0x08000138   0x08000138   0x00000034   Code   RO         4249    !!!scatter          c_w.l(__scatter.o)
    0x0800016c   0x0800016c   0x0000005a   Code   RO         4247    !!dczerorl2         c_w.l(__dczerorl2.o)
    0x080001c6   0x080001c6   0x00000002   PAD
    0x080001c8   0x080001c8   0x0000001c   Code   RO         4251    !!handler_zi        c_w.l(__scatter_zi.o)
    0x080001e4   0x080001e4   0x00000002   Code   RO         4116    .ARM.Collect$$libinit$$00000000  c_w.l(libinit.o)
    0x080001e6   0x080001e6   0x00000000   Code   RO         4122    .ARM.Collect$$libinit$$00000002  c_w.l(libinit2.o)
    0x080001e6   0x080001e6   0x00000000   Code   RO         4124    .ARM.Collect$$libinit$$00000004  c_w.l(libinit2.o)
    0x080001e6   0x080001e6   0x00000000   Code   RO         4127    .ARM.Collect$$libinit$$0000000A  c_w.l(libinit2.o)
    0x080001e6   0x080001e6   0x00000000   Code   RO         4129    .ARM.Collect$$libinit$$0000000C  c_w.l(libinit2.o)
    0x080001e6   0x080001e6   0x00000000   Code   RO         4131    .ARM.Collect$$libinit$$0000000E  c_w.l(libinit2.o)
    0x080001e6   0x080001e6   0x00000000   Code   RO         4134    .ARM.Collect$$libinit$$00000011  c_w.l(libinit2.o)
    0x080001e6   0x080001e6   0x00000000   Code   RO         4136    .ARM.Collect$$libinit$$00000013  c_w.l(libinit2.o)
    0x080001e6   0x080001e6   0x00000000   Code   RO         4138    .ARM.Collect$$libinit$$00000015  c_w.l(libinit2.o)
    0x080001e6   0x080001e6   0x00000000   Code   RO         4140    .ARM.Collect$$libinit$$00000017  c_w.l(libinit2.o)
    0x080001e6   0x080001e6   0x00000000   Code   RO         4142    .ARM.Collect$$libinit$$00000019  c_w.l(libinit2.o)
    0x080001e6   0x080001e6   0x00000000   Code   RO         4144    .ARM.Collect$$libinit$$0000001B  c_w.l(libinit2.o)
    0x080001e6   0x080001e6   0x00000000   Code   RO         4146    .ARM.Collect$$libinit$$0000001D  c_w.l(libinit2.o)
    0x080001e6   0x080001e6   0x00000000   Code   RO         4148    .ARM.Collect$$libinit$$0000001F  c_w.l(libinit2.o)
    0x080001e6   0x080001e6   0x00000000   Code   RO         4150    .ARM.Collect$$libinit$$00000021  c_w.l(libinit2.o)
    0x080001e6   0x080001e6   0x00000000   Code   RO         4152    .ARM.Collect$$libinit$$00000023  c_w.l(libinit2.o)
    0x080001e6   0x080001e6   0x00000000   Code   RO         4154    .ARM.Collect$$libinit$$00000025  c_w.l(libinit2.o)
    0x080001e6   0x080001e6   0x00000000   Code   RO         4158    .ARM.Collect$$libinit$$0000002C  c_w.l(libinit2.o)
    0x080001e6   0x080001e6   0x00000000   Code   RO         4160    .ARM.Collect$$libinit$$0000002E  c_w.l(libinit2.o)
    0x080001e6   0x080001e6   0x00000000   Code   RO         4162    .ARM.Collect$$libinit$$00000030  c_w.l(libinit2.o)
    0x080001e6   0x080001e6   0x00000000   Code   RO         4164    .ARM.Collect$$libinit$$00000032  c_w.l(libinit2.o)
    0x080001e6   0x080001e6   0x00000002   Code   RO         4165    .ARM.Collect$$libinit$$00000033  c_w.l(libinit2.o)
    0x080001e8   0x080001e8   0x00000002   Code   RO         4187    .ARM.Collect$$libshutdown$$00000000  c_w.l(libshutdown.o)
    0x080001ea   0x080001ea   0x00000000   Code   RO         4200    .ARM.Collect$$libshutdown$$00000002  c_w.l(libshutdown2.o)
    0x080001ea   0x080001ea   0x00000000   Code   RO         4202    .ARM.Collect$$libshutdown$$00000004  c_w.l(libshutdown2.o)
    0x080001ea   0x080001ea   0x00000000   Code   RO         4205    .ARM.Collect$$libshutdown$$00000007  c_w.l(libshutdown2.o)
    0x080001ea   0x080001ea   0x00000000   Code   RO         4208    .ARM.Collect$$libshutdown$$0000000A  c_w.l(libshutdown2.o)
    0x080001ea   0x080001ea   0x00000000   Code   RO         4210    .ARM.Collect$$libshutdown$$0000000C  c_w.l(libshutdown2.o)
    0x080001ea   0x080001ea   0x00000000   Code   RO         4213    .ARM.Collect$$libshutdown$$0000000F  c_w.l(libshutdown2.o)
    0x080001ea   0x080001ea   0x00000002   Code   RO         4214    .ARM.Collect$$libshutdown$$00000010  c_w.l(libshutdown2.o)
    0x080001ec   0x080001ec   0x00000000   Code   RO         3994    .ARM.Collect$$rtentry$$00000000  c_w.l(__rtentry.o)
    0x080001ec   0x080001ec   0x00000000   Code   RO         4081    .ARM.Collect$$rtentry$$00000002  c_w.l(__rtentry2.o)
    0x080001ec   0x080001ec   0x00000006   Code   RO         4093    .ARM.Collect$$rtentry$$00000004  c_w.l(__rtentry4.o)
    0x080001f2   0x080001f2   0x00000000   Code   RO         4083    .ARM.Collect$$rtentry$$00000009  c_w.l(__rtentry2.o)
    0x080001f2   0x080001f2   0x00000004   Code   RO         4084    .ARM.Collect$$rtentry$$0000000A  c_w.l(__rtentry2.o)
    0x080001f6   0x080001f6   0x00000000   Code   RO         4086    .ARM.Collect$$rtentry$$0000000C  c_w.l(__rtentry2.o)
    0x080001f6   0x080001f6   0x00000008   Code   RO         4087    .ARM.Collect$$rtentry$$0000000D  c_w.l(__rtentry2.o)
    0x080001fe   0x080001fe   0x00000002   Code   RO         4119    .ARM.Collect$$rtexit$$00000000  c_w.l(rtexit.o)
    0x08000200   0x08000200   0x00000000   Code   RO         4169    .ARM.Collect$$rtexit$$00000002  c_w.l(rtexit2.o)
    0x08000200   0x08000200   0x00000004   Code   RO         4170    .ARM.Collect$$rtexit$$00000003  c_w.l(rtexit2.o)
    0x08000204   0x08000204   0x00000006   Code   RO         4171    .ARM.Collect$$rtexit$$00000004  c_w.l(rtexit2.o)
    0x0800020a   0x0800020a   0x00000002   PAD
    0x0800020c   0x0800020c   0x000000dc   Code   RO            3    .text               misc.o
    0x080002e8   0x080002e8   0x0000044e   Code   RO           52    .text               stm32f10x_adc.o
    0x08000736   0x08000736   0x00000002   PAD
    0x08000738   0x08000738   0x00000254   Code   RO           78    .text               stm32f10x_dma.o
    0x0800098c   0x0800098c   0x0000011c   Code   RO          101    .text               stm32f10x_exti.o
    0x08000aa8   0x08000aa8   0x000005bc   Code   RO          124    .text               stm32f10x_flash.o
    0x08001064   0x08001064   0x0000035c   Code   RO          147    .text               stm32f10x_gpio.o
    0x080013c0   0x080013c0   0x000003a4   Code   RO          170    .text               stm32f10x_rcc.o
    0x08001764   0x08001764   0x0000030c   Code   RO          215    .text               stm32f10x_spi.o
    0x08001a70   0x08001a70   0x00000e1a   Code   RO          238    .text               stm32f10x_tim.o
    0x0800288a   0x0800288a   0x00000002   PAD
    0x0800288c   0x0800288c   0x00000408   Code   RO          261    .text               stm32f10x_usart.o
    0x08002c94   0x08002c94   0x000007b8   Code   RO          284    .text               filter.o
    0x0800344c   0x0800344c   0x00000054   Code   RO          517    .text               main.o
    0x080034a0   0x080034a0   0x000000b4   Code   RO          549    .text               stm32f10x_it.o
    0x08003554   0x08003554   0x000027b4   Code   RO          576    .text               calibration.o
    0x08005d08   0x08005d08   0x00002f14   Code   RO          717    .text               imu.o
    0x08008c1c   0x08008c1c   0x00001a1c   Code   RO          748    .text               pid.o
    0x0800a638   0x0800a638   0x00000648   Code   RO          776    .text               adrc.o
    0x0800ac80   0x0800ac80   0x0000167c   Code   RO          804    .text               namelesscorun_ctrl.o
    0x0800c2fc   0x0800c2fc   0x00001bf4   Code   RO          831    .text               sins.o
    0x0800def0   0x0800def0   0x000002f4   Code   RO          865    .text               flight_parameter_table.o
    0x0800e1e4   0x0800e1e4   0x000003dc   Code   RO          892    .text               flight_control_fault.o
    0x0800e5c0   0x0800e5c0   0x00000940   Code   RO          918    .text               opticalflow_control.o
    0x0800ef00   0x0800ef00   0x000006a4   Code   RO          945    .text               copyright.o
    0x0800f5a4   0x0800f5a4   0x00000558   Code   RO         1231    .text               namelesscorun_opticalflow.o
    0x0800fafc   0x0800fafc   0x00000d0c   Code   RO         1259    .text               namelesscotrun_sdk.o
    0x08010808   0x08010808   0x000002f0   Code   RO         1286    .text               bling.o
    0x08010af8   0x08010af8   0x00000104   Code   RO         1314    .text               delay.o
    0x08010bfc   0x08010bfc   0x00000288   Code   RO         1364    .text               flash.o
    0x08010e84   0x08010e84   0x00000648   Code   RO         1387    .text               gps.o
    0x080114cc   0x080114cc   0x000003d0   Code   RO         1415    .text               hmc5883.o
    0x0801189c   0x0801189c   0x000006a4   Code   RO         1444    .text               iic.o
    0x08011f40   0x08011f40   0x00000348   Code   RO         1464    .text               ist8310.o
    0x08012288   0x08012288   0x00001f4c   Code   RO         1491    .text               key.o
    0x080141d4   0x080141d4   0x00000a3c   Code   RO         1517    .text               mpu6050.o
    0x08014c10   0x08014c10   0x00000adc   Code   RO         1664    .text               nrf24l01.o
    0x080156ec   0x080156ec   0x00000e98   Code   RO         1692    .text               oled.o
    0x08016584   0x08016584   0x00000200   Code   RO         1721    .text               ppm.o
    0x08016784   0x08016784   0x000001c8   Code   RO         1748    .text               pwm.o
    0x0801694c   0x0801694c   0x00000114   Code   RO         1788    .text               spi2.o
    0x08016a60   0x08016a60   0x000007b8   Code   RO         1808    .text               spl06_001.o
    0x08017218   0x08017218   0x00000268   Code   RO         1840    .text               system.o
    0x08017480   0x08017480   0x00000168   Code   RO         1954    .text               time.o
    0x080175e8   0x080175e8   0x00000128   Code   RO         2068    .text               time_cnt.o
    0x08017710   0x08017710   0x00001f24   Code   RO         2094    .text               usart.o
    0x08019634   0x08019634   0x00000138   Code   RO         2122    .text               sbus.o
    0x0801976c   0x0801976c   0x00000134   Code   RO         2150    .text               opticalflow_lc306.o
    0x080198a0   0x080198a0   0x00000210   Code   RO         2174    .text               adc.o
    0x08019ab0   0x08019ab0   0x0000043c   Code   RO         2292    .text               us_100.o
    0x08019eec   0x08019eec   0x00001348   Code   RO         2406    .text               ssd1306.o
    0x0801b234   0x0801b234   0x000001e0   Code   RO         2439    .text               system_stm32f10x.o
    0x0801b414   0x0801b414   0x00000040   Code   RO         2476    .text               startup_stm32f10x_hd.o
    0x0801b454   0x0801b454   0x00001152   Code   RO         3209    .text               calibrationroutines.o
    0x0801c5a6   0x0801c5a6   0x000000c2   Code   RO         3235    .text               ringbuf.o
    0x0801c668   0x0801c668   0x000002e0   Code   RO         3255    .text               earth_declination.o
    0x0801c948   0x0801c948   0x000001d8   Code   RO         3278    .text               hw_config.o
    0x0801cb20   0x0801cb20   0x000000d0   Code   RO         3383    .text               usb_endp.o
    0x0801cbf0   0x0801cbf0   0x000001d0   Code   RO         3409    .text               usb_istr.o
    0x0801cdc0   0x0801cdc0   0x00000014   Code   RO         3435    .text               usb_it.o
    0x0801cdd4   0x0801cdd4   0x0000023c   Code   RO         3461    .text               usb_prop.o
    0x0801d010   0x0801d010   0x00000240   Code   RO         3492    .text               usb_pwr.o
    0x0801d250   0x0801d250   0x00000524   Code   RO         3519    .text               queue.o
    0x0801d774   0x0801d774   0x00000b50   Code   RO         3546    .text               usb_core.o
    0x0801e2c4   0x0801e2c4   0x0000003c   Code   RO         3596    .text               usb_init.o
    0x0801e300   0x0801e300   0x0000033c   Code   RO         3627    .text               usb_int.o
    0x0801e63c   0x0801e63c   0x0000005c   Code   RO         3659    .text               usb_mem.o
    0x0801e698   0x0801e698   0x00000808   Code   RO         3679    .text               usb_regs.o
    0x0801eea0   0x0801eea0   0x00000080   Code   RO         3699    .text               usb_sil.o
    0x0801ef20   0x0801ef20   0x00000414   Code   RO         3719    .text               control_althold.o
    0x0801f334   0x0801f334   0x00000ea0   Code   RO         3746    .text               control_land.o
    0x080201d4   0x080201d4   0x000005ec   Code   RO         3773    .text               control_poshold.o
    0x080207c0   0x080207c0   0x0000008a   Code   RO         3804    .text               c_w.l(rt_memcpy_v6.o)
    0x0802084a   0x0802084a   0x00000008   Code   RO         3806    .text               c_w.l(memcpy.o)
    0x08020852   0x08020852   0x00000064   Code   RO         3808    .text               c_w.l(rt_memcpy_w.o)
    0x080208b6   0x080208b6   0x00000044   Code   RO         3810    .text               c_w.l(rt_memclr.o)
    0x080208fa   0x080208fa   0x0000004e   Code   RO         3812    .text               c_w.l(rt_memclr_w.o)
    0x08020948   0x08020948   0x00000006   Code   RO         3814    .text               c_w.l(heapauxi.o)
    0x0802094e   0x0802094e   0x00000016   Code   RO         3995    .text               c_w.l(_rserrno.o)
    0x08020964   0x08020964   0x00000008   Code   RO         4098    .text               c_w.l(rt_errno_addr_intlibspace.o)
    0x0802096c   0x0802096c   0x00000008   Code   RO         4104    .text               c_w.l(libspace.o)
    0x08020974   0x08020974   0x0000004a   Code   RO         4107    .text               c_w.l(sys_stackheap_outer.o)
    0x080209be   0x080209be   0x00000012   Code   RO         4109    .text               c_w.l(exit.o)
    0x080209d0   0x080209d0   0x0000000c   Code   RO         4179    .text               c_w.l(sys_exit.o)
    0x080209dc   0x080209dc   0x00000002   Code   RO         4190    .text               c_w.l(use_no_semi.o)
    0x080209de   0x080209de   0x00000000   Code   RO         4192    .text               c_w.l(indicate_semi.o)
    0x080209de   0x080209de   0x00000028   Code   RO         4039    i.__ARM_fpclassify  m_ws.l(fpclassify.o)
    0x08020a06   0x08020a06   0x00000026   Code   RO         4041    i.__ARM_fpclassifyf  m_ws.l(fpclassifyf.o)
    0x08020a2c   0x08020a2c   0x00000388   Code   RO         4060    i.__ieee754_rem_pio2  m_ws.l(rred.o)
    0x08020db4   0x08020db4   0x000000fc   Code   RO         4022    i.__kernel_cos      m_ws.l(cos_i.o)
    0x08020eb0   0x08020eb0   0x000000aa   Code   RO         4057    i.__kernel_poly     m_ws.l(poly.o)
    0x08020f5a   0x08020f5a   0x00000002   PAD
    0x08020f5c   0x08020f5c   0x000000ec   Code   RO         4068    i.__kernel_sin      m_ws.l(sin_i.o)
    0x08021048   0x08021048   0x0000027c   Code   RO         4074    i.__kernel_tan      m_ws.l(tan_i.o)
    0x080212c4   0x080212c4   0x00000010   Code   RO         4025    i.__mathlib_dbl_divzero  m_ws.l(dunder.o)
    0x080212d4   0x080212d4   0x00000006   Code   RO         4026    i.__mathlib_dbl_infnan  m_ws.l(dunder.o)
    0x080212da   0x080212da   0x00000004   Code   RO         4027    i.__mathlib_dbl_infnan2  m_ws.l(dunder.o)
    0x080212de   0x080212de   0x0000000c   Code   RO         4028    i.__mathlib_dbl_invalid  m_ws.l(dunder.o)
    0x080212ea   0x080212ea   0x0000000e   Code   RO         4029    i.__mathlib_dbl_overflow  m_ws.l(dunder.o)
    0x080212f8   0x080212f8   0x00000010   Code   RO         4031    i.__mathlib_dbl_underflow  m_ws.l(dunder.o)
    0x08021308   0x08021308   0x0000000a   Code   RO         4043    i.__mathlib_flt_divzero  m_ws.l(funder.o)
    0x08021312   0x08021312   0x00000006   Code   RO         4044    i.__mathlib_flt_infnan  m_ws.l(funder.o)
    0x08021318   0x08021318   0x00000004   Code   RO         4045    i.__mathlib_flt_infnan2  m_ws.l(funder.o)
    0x0802131c   0x0802131c   0x00000008   Code   RO         4046    i.__mathlib_flt_invalid  m_ws.l(funder.o)
    0x08021324   0x08021324   0x0000000a   Code   RO         4047    i.__mathlib_flt_overflow  m_ws.l(funder.o)
    0x0802132e   0x0802132e   0x0000000a   Code   RO         4049    i.__mathlib_flt_underflow  m_ws.l(funder.o)
    0x08021338   0x08021338   0x00000168   Code   RO         4065    i.__mathlib_rredf2  m_ws.l(rredf.o)
    0x080214a0   0x080214a0   0x00000270   Code   RO         3887    i.asin              m_ws.l(asin.o)
    0x08021710   0x08021710   0x00000220   Code   RO         3897    i.atan              m_ws.l(atan.o)
    0x08021930   0x08021930   0x00000180   Code   RO         3907    i.atan2             m_ws.l(atan2.o)
    0x08021ab0   0x08021ab0   0x0000009c   Code   RO         3915    i.cos               m_ws.l(cos.o)
    0x08021b4c   0x08021b4c   0x0000017c   Code   RO         3923    i.cosf              m_ws.l(cosf.o)
    0x08021cc8   0x08021cc8   0x0000007c   Code   RO         3931    i.floorf            m_ws.l(floorf.o)
    0x08021d44   0x08021d44   0x000009d8   Code   RO         3935    i.pow               m_ws.l(pow.o)
    0x0802271c   0x0802271c   0x00000620   Code   RO         3945    i.powf              m_ws.l(powf.o)
    0x08022d3c   0x08022d3c   0x000000a0   Code   RO         3955    i.sin               m_ws.l(sin.o)
    0x08022ddc   0x08022ddc   0x0000004c   Code   RO         3963    i.sqrt              m_ws.l(sqrt.o)
    0x08022e28   0x08022e28   0x0000002c   Code   RO         3971    i.sqrtf             m_ws.l(sqrtf.o)
    0x08022e54   0x08022e54   0x00000064   Code   RO         3979    i.tan               m_ws.l(tan.o)
    0x08022eb8   0x08022eb8   0x00000174   Code   RO         3987    i.tanf              m_ws.l(tanf.o)
    0x0802302c   0x0802302c   0x00000062   Code   RO         3818    x$fpl$d2f           fz_ws.l(d2f.o)
    0x0802308e   0x0802308e   0x00000002   PAD
    0x08023090   0x08023090   0x00000150   Code   RO         3820    x$fpl$dadd          fz_ws.l(daddsub_clz.o)
    0x080231e0   0x080231e0   0x00000010   Code   RO         4100    x$fpl$dcheck1       fz_ws.l(dcheck1.o)
    0x080231f0   0x080231f0   0x00000018   Code   RO         3997    x$fpl$dcmpinf       fz_ws.l(dcmpi.o)
    0x08023208   0x08023208   0x000002b0   Code   RO         3827    x$fpl$ddiv          fz_ws.l(ddiv.o)
    0x080234b8   0x080234b8   0x0000005e   Code   RO         3832    x$fpl$dfix          fz_ws.l(dfix.o)
    0x08023516   0x08023516   0x00000002   PAD
    0x08023518   0x08023518   0x0000005a   Code   RO         3836    x$fpl$dfixu         fz_ws.l(dfixu.o)
    0x08023572   0x08023572   0x0000002e   Code   RO         3841    x$fpl$dflt          fz_ws.l(dflt_clz.o)
    0x080235a0   0x080235a0   0x00000026   Code   RO         3840    x$fpl$dfltu         fz_ws.l(dflt_clz.o)
    0x080235c6   0x080235c6   0x00000002   PAD
    0x080235c8   0x080235c8   0x00000078   Code   RO         3846    x$fpl$dleqf         fz_ws.l(dleqf.o)
    0x08023640   0x08023640   0x00000154   Code   RO         3848    x$fpl$dmul          fz_ws.l(dmul.o)
    0x08023794   0x08023794   0x0000009c   Code   RO         3999    x$fpl$dnaninf       fz_ws.l(dnaninf.o)
    0x08023830   0x08023830   0x0000000c   Code   RO         4001    x$fpl$dretinf       fz_ws.l(dretinf.o)
    0x0802383c   0x0802383c   0x0000006c   Code   RO         3850    x$fpl$drleqf        fz_ws.l(drleqf.o)
    0x080238a8   0x080238a8   0x00000016   Code   RO         3821    x$fpl$drsb          fz_ws.l(daddsub_clz.o)
    0x080238be   0x080238be   0x00000002   PAD
    0x080238c0   0x080238c0   0x000001cc   Code   RO         4003    x$fpl$dsqrt         fz_ws.l(dsqrt_noumaal.o)
    0x08023a8c   0x08023a8c   0x000001d4   Code   RO         3822    x$fpl$dsub          fz_ws.l(daddsub_clz.o)
    0x08023c60   0x08023c60   0x00000056   Code   RO         3852    x$fpl$f2d           fz_ws.l(f2d.o)
    0x08023cb6   0x08023cb6   0x00000002   PAD
    0x08023cb8   0x08023cb8   0x000000c4   Code   RO         3854    x$fpl$fadd          fz_ws.l(faddsub_clz.o)
    0x08023d7c   0x08023d7c   0x0000000c   Code   RO         4102    x$fpl$fcheck1       fz_ws.l(fcheck1.o)
    0x08023d88   0x08023d88   0x00000018   Code   RO         4005    x$fpl$fcmpinf       fz_ws.l(fcmpi.o)
    0x08023da0   0x08023da0   0x00000184   Code   RO         3861    x$fpl$fdiv          fz_ws.l(fdiv.o)
    0x08023f24   0x08023f24   0x00000068   Code   RO         3864    x$fpl$feqf          fz_ws.l(feqf.o)
    0x08023f8c   0x08023f8c   0x00000036   Code   RO         3866    x$fpl$ffix          fz_ws.l(ffix.o)
    0x08023fc2   0x08023fc2   0x00000002   PAD
    0x08023fc4   0x08023fc4   0x00000052   Code   RO         3867    x$fpl$ffixr         fz_ws.l(ffix.o)
    0x08024016   0x08024016   0x00000002   PAD
    0x08024018   0x08024018   0x0000003e   Code   RO         3870    x$fpl$ffixu         fz_ws.l(ffixu.o)
    0x08024056   0x08024056   0x00000002   PAD
    0x08024058   0x08024058   0x00000030   Code   RO         3875    x$fpl$fflt          fz_ws.l(fflt_clz.o)
    0x08024088   0x08024088   0x00000026   Code   RO         3874    x$fpl$ffltu         fz_ws.l(fflt_clz.o)
    0x080240ae   0x080240ae   0x00000002   PAD
    0x080240b0   0x080240b0   0x00000068   Code   RO         3880    x$fpl$fleqf         fz_ws.l(fleqf.o)
    0x08024118   0x08024118   0x00000102   Code   RO         3882    x$fpl$fmul          fz_ws.l(fmul.o)
    0x0802421a   0x0802421a   0x0000008c   Code   RO         4007    x$fpl$fnaninf       fz_ws.l(fnaninf.o)
    0x080242a6   0x080242a6   0x0000000a   Code   RO         4009    x$fpl$fretinf       fz_ws.l(fretinf.o)
    0x080242b0   0x080242b0   0x00000062   Code   RO         3884    x$fpl$frleqf        fz_ws.l(frleqf.o)
    0x08024312   0x08024312   0x00000002   PAD
    0x08024314   0x08024314   0x00000060   Code   RO         4011    x$fpl$frnd          fz_ws.l(frnd.o)
    0x08024374   0x08024374   0x00000014   Code   RO         3855    x$fpl$frsb          fz_ws.l(faddsub_clz.o)
    0x08024388   0x08024388   0x00000110   Code   RO         4013    x$fpl$fsqrt         fz_ws.l(fsqrt.o)
    0x08024498   0x08024498   0x000000ea   Code   RO         3856    x$fpl$fsub          fz_ws.l(faddsub_clz.o)
    0x08024582   0x08024582   0x00000064   Code   RO         4117    x$fpl$retnan        fz_ws.l(retnan.o)
    0x080245e6   0x080245e6   0x0000005c   Code   RO         4017    x$fpl$scalbn        fz_ws.l(scalbn.o)
    0x08024642   0x08024642   0x0000004c   Code   RO         4019    x$fpl$scalbnf       fz_ws.l(scalbnf.o)
    0x0802468e   0x0802468e   0x00000030   Code   RO         4166    x$fpl$trapveneer    fz_ws.l(trapv.o)
    0x080246be   0x080246be   0x00000000   Code   RO         4021    x$fpl$usenofp       fz_ws.l(usenofp.o)
    0x080246be   0x080246be   0x00000002   PAD
    0x080246c0   0x080246c0   0x00000090   Data   RO          578    .constdata          calibration.o
    0x08024750   0x08024750   0x000005a0   Data   RO          750    .constdata          pid.o
    0x08024cf0   0x08024cf0   0x00000100   Data   RO          778    .constdata          adrc.o
    0x08024df0   0x08024df0   0x0000026c   Data   RO         1389    .constdata          gps.o
    0x0802505c   0x0802505c   0x00000030   Data   RO         1417    .constdata          hmc5883.o
    0x0802508c   0x0802508c   0x0000000a   Data   RO         1666    .constdata          nrf24l01.o
    0x08025096   0x08025096   0x00001818   Data   RO         1693    .constdata          oled.o
    0x080268ae   0x080268ae   0x00000146   Data   RO         2151    .constdata          opticalflow_lc306.o
    0x080269f4   0x080269f4   0x000004fb   Data   RO         2407    .constdata          ssd1306.o
    0x08026eef   0x08026eef   0x000007d0   Data   RO         3256    .constdata          earth_declination.o
    0x080276bf   0x080276bf   0x00000097   Data   RO         3347    .constdata          usb_desc.o
    0x08027756   0x08027756   0x00000002   PAD
    0x08027758   0x08027758   0x00000050   Data   RO         3888    .constdata          m_ws.l(asin.o)
    0x080277a8   0x080277a8   0x00000098   Data   RO         3898    .constdata          m_ws.l(atan.o)
    0x08027840   0x08027840   0x00000088   Data   RO         3936    .constdata          m_ws.l(pow.o)
    0x080278c8   0x080278c8   0x00000140   Data   RO         3946    .constdata          m_ws.l(powf.o)
    0x08027a08   0x08027a08   0x00000030   Data   RO         4023    .constdata          m_ws.l(cos_i.o)
    0x08027a38   0x08027a38   0x00000008   Data   RO         4059    .constdata          m_ws.l(qnan.o)
    0x08027a40   0x08027a40   0x000000c8   Data   RO         4062    .constdata          m_ws.l(rred.o)
    0x08027b08   0x08027b08   0x00000020   Data   RO         4066    .constdata          m_ws.l(rredf.o)
    0x08027b28   0x08027b28   0x00000028   Data   RO         4069    .constdata          m_ws.l(sin_i.o)
    0x08027b50   0x08027b50   0x00000060   Data   RO         4075    .constdata          m_ws.l(tan_i.o)
    0x08027bb0   0x08027bb0   0x00000020   Data   RO         4245    Region$$Table       anon$$obj.o


    Execution Region RW_IRAM1 (Exec base: 0x20000000, Load base: 0x08027bd0, Size: 0x000063f0, Max: 0x0000c000, ABSOLUTE, COMPRESSED[0x00000434])

    Exec Addr    Load Addr    Size         Type   Attr      Idx    E Section Name        Object

    0x20000000   COMPRESSED   0x00000014   Data   RW          171    .data               stm32f10x_rcc.o
    0x20000014   COMPRESSED   0x0000009c   Data   RW          286    .data               filter.o
    0x200000b0   COMPRESSED   0x00000008   Data   RW          551    .data               stm32f10x_it.o
    0x200000b8   COMPRESSED   0x00000120   Data   RW          579    .data               calibration.o
    0x200001d8   COMPRESSED   0x0000015e   Data   RW          719    .data               imu.o
    0x20000336   COMPRESSED   0x00000003   Data   RW          751    .data               pid.o
    0x20000339   COMPRESSED   0x00000003   PAD
    0x2000033c   COMPRESSED   0x00000018   Data   RW          779    .data               adrc.o
    0x20000354   COMPRESSED   0x0000006c   Data   RW          805    .data               namelesscorun_ctrl.o
    0x200003c0   COMPRESSED   0x00000124   Data   RW          833    .data               sins.o
    0x200004e4   COMPRESSED   0x00000001   Data   RW          867    .data               flight_parameter_table.o
    0x200004e5   COMPRESSED   0x00000003   PAD
    0x200004e8   COMPRESSED   0x00000054   Data   RW          893    .data               flight_control_fault.o
    0x2000053c   COMPRESSED   0x0000004a   Data   RW          919    .data               opticalflow_control.o
    0x20000586   COMPRESSED   0x00000002   PAD
    0x20000588   COMPRESSED   0x0000003c   Data   RW          947    .data               copyright.o
    0x200005c4   COMPRESSED   0x0000005a   Data   RW         1233    .data               namelesscorun_opticalflow.o
    0x2000061e   COMPRESSED   0x00000002   PAD
    0x20000620   COMPRESSED   0x00000066   Data   RW         1261    .data               namelesscotrun_sdk.o
    0x20000686   COMPRESSED   0x00000002   Data   RW         1288    .data               bling.o
    0x20000688   COMPRESSED   0x00000004   Data   RW         1315    .data               delay.o
    0x2000068c   COMPRESSED   0x00000005   Data   RW         1365    .data               flash.o
    0x20000691   COMPRESSED   0x00000007   PAD
    0x20000698   COMPRESSED   0x00000084   Data   RW         1390    .data               gps.o
    0x2000071c   COMPRESSED   0x00000014   Data   RW         1418    .data               hmc5883.o
    0x20000730   COMPRESSED   0x0000000a   Data   RW         1466    .data               ist8310.o
    0x2000073a   COMPRESSED   0x00000004   Data   RW         1492    .data               key.o
    0x2000073e   COMPRESSED   0x00000002   PAD
    0x20000740   COMPRESSED   0x000000e0   Data   RW         1519    .data               mpu6050.o
    0x20000820   COMPRESSED   0x00000054   Data   RW         1667    .data               nrf24l01.o
    0x20000874   COMPRESSED   0x00000010   Data   RW         1723    .data               ppm.o
    0x20000884   COMPRESSED   0x0000002a   Data   RW         1810    .data               spl06_001.o
    0x200008ae   COMPRESSED   0x00000002   Data   RW         1841    .data               system.o
    0x200008b0   COMPRESSED   0x00000008   Data   RW         1956    .data               time.o
    0x200008b8   COMPRESSED   0x00000014   Data   RW         2069    .data               time_cnt.o
    0x200008cc   COMPRESSED   0x00000032   Data   RW         2096    .data               usart.o
    0x200008fe   COMPRESSED   0x00000001   Data   RW         2125    .data               sbus.o
    0x200008ff   COMPRESSED   0x00000001   PAD
    0x20000900   COMPRESSED   0x00000002   Data   RW         2152    .data               opticalflow_lc306.o
    0x20000902   COMPRESSED   0x00000002   PAD
    0x20000904   COMPRESSED   0x00000010   Data   RW         2176    .data               adc.o
    0x20000914   COMPRESSED   0x00000032   Data   RW         2294    .data               us_100.o
    0x20000946   COMPRESSED   0x00000427   Data   RW         2408    .data               ssd1306.o
    0x20000d6d   COMPRESSED   0x00000003   PAD
    0x20000d70   COMPRESSED   0x00000014   Data   RW         2440    .data               system_stm32f10x.o
    0x20000d84   COMPRESSED   0x0000000c   Data   RW         3280    .data               hw_config.o
    0x20000d90   COMPRESSED   0x00000026   Data   RW         3348    .data               usb_desc.o
    0x20000db6   COMPRESSED   0x00000002   PAD
    0x20000db8   COMPRESSED   0x00000008   Data   RW         3385    .data               usb_endp.o
    0x20000dc0   COMPRESSED   0x00000044   Data   RW         3410    .data               usb_istr.o
    0x20000e04   COMPRESSED   0x00000094   Data   RW         3462    .data               usb_prop.o
    0x20000e98   COMPRESSED   0x0000000c   Data   RW         3494    .data               usb_pwr.o
    0x20000ea4   COMPRESSED   0x00000001   Data   RW         3521    .data               queue.o
    0x20000ea5   COMPRESSED   0x00000001   PAD
    0x20000ea6   COMPRESSED   0x00000003   Data   RW         3547    .data               usb_core.o
    0x20000ea9   COMPRESSED   0x00000003   PAD
    0x20000eac   COMPRESSED   0x00000014   Data   RW         3598    .data               usb_init.o
    0x20000ec0   COMPRESSED   0x00000004   Data   RW         3628    .data               usb_int.o
    0x20000ec4   COMPRESSED   0x00000029   Data   RW         3721    .data               control_althold.o
    0x20000eed   COMPRESSED   0x00000003   PAD
    0x20000ef0   COMPRESSED   0x0000004e   Data   RW         3747    .data               control_land.o
    0x20000f3e   COMPRESSED   0x00000002   PAD
    0x20000f40   COMPRESSED   0x00000038   Data   RW         3775    .data               control_poshold.o
    0x20000f78        -       0x00000248   Zero   RW          285    .bss                filter.o
    0x200011c0        -       0x00000014   Zero   RW          550    .bss                stm32f10x_it.o
    0x200011d4        -       0x00000218   Zero   RW          577    .bss                calibration.o
    0x200013ec        -       0x0000054c   Zero   RW          718    .bss                imu.o
    0x20001938        -       0x00000d8e   Zero   RW          749    .bss                pid.o
    0x200026c6   COMPRESSED   0x00000002   PAD
    0x200026c8        -       0x00000170   Zero   RW          777    .bss                adrc.o
    0x20002838        -       0x00002148   Zero   RW          832    .bss                sins.o
    0x20004980        -       0x00000190   Zero   RW          866    .bss                flight_parameter_table.o
    0x20004b10        -       0x00000038   Zero   RW          946    .bss                copyright.o
    0x20004b48        -       0x000005c0   Zero   RW         1232    .bss                namelesscorun_opticalflow.o
    0x20005108        -       0x000001ba   Zero   RW         1260    .bss                namelesscotrun_sdk.o
    0x200052c2   COMPRESSED   0x00000002   PAD
    0x200052c4        -       0x0000003c   Zero   RW         1287    .bss                bling.o
    0x20005300        -       0x00000034   Zero   RW         1388    .bss                gps.o
    0x20005334        -       0x00000084   Zero   RW         1416    .bss                hmc5883.o
    0x200053b8        -       0x0000002c   Zero   RW         1465    .bss                ist8310.o
    0x200053e4        -       0x00000204   Zero   RW         1518    .bss                mpu6050.o
    0x200055e8        -       0x00000154   Zero   RW         1665    .bss                nrf24l01.o
    0x2000573c        -       0x00000024   Zero   RW         1722    .bss                ppm.o
    0x20005760        -       0x0000002c   Zero   RW         1809    .bss                spl06_001.o
    0x2000578c        -       0x00000080   Zero   RW         1955    .bss                time.o
    0x2000580c        -       0x00000166   Zero   RW         2095    .bss                usart.o
    0x20005972        -       0x00000040   Zero   RW         2123    .bss                sbus.o
    0x200059b2        -       0x00000014   Zero   RW         2175    .bss                adc.o
    0x200059c6   COMPRESSED   0x00000002   PAD
    0x200059c8        -       0x0000006c   Zero   RW         2293    .bss                us_100.o
    0x20005a34        -       0x0000004c   Zero   RW         3210    .bss                calibrationroutines.o
    0x20005a80        -       0x00000230   Zero   RW         3279    .bss                hw_config.o
    0x20005cb0        -       0x00000040   Zero   RW         3384    .bss                usb_endp.o
    0x20005cf0        -       0x00000020   Zero   RW         3493    .bss                usb_pwr.o
    0x20005d10        -       0x00000040   Zero   RW         3520    .bss                queue.o
    0x20005d50        -       0x0000001c   Zero   RW         3597    .bss                usb_init.o
    0x20005d6c        -       0x0000000c   Zero   RW         3720    .bss                control_althold.o
    0x20005d78        -       0x00000018   Zero   RW         3774    .bss                control_poshold.o
    0x20005d90        -       0x00000060   Zero   RW         4105    .bss                c_w.l(libspace.o)
    0x20005df0        -       0x00000200   Zero   RW         2474    HEAP                startup_stm32f10x_hd.o
    0x20005ff0        -       0x00000400   Zero   RW         2473    STACK               startup_stm32f10x_hd.o


==============================================================================

Image component sizes


      Code (inc. data)   RO Data    RW Data    ZI Data      Debug   Object Name

       528         44          0         16         20       2376   adc.o
      1608         38        256         24        368       5146   adrc.o
       752         24          0          2         60       2807   bling.o
     10164       1026        144        288        536      20480   calibration.o
      4434          0          0          0         76       6343   calibrationroutines.o
      1044        126          0         41         12       2702   control_althold.o
      3744        470          0         78          0       6308   control_land.o
      1516        168          0         56         24       3457   control_poshold.o
      1700        248          0         60         56     217853   copyright.o
       260         10          0          4          0       1591   delay.o
       736         36       2000          0          0       2932   earth_declination.o
      1976        254          0        156        584      13771   filter.o
       648         10          0          5          0       3583   flash.o
       988        106          0         84          0       3465   flight_control_fault.o
       756          8          0          1        400       6712   flight_parameter_table.o
      1608        218        620        132         52       4366   gps.o
       976         84         48         20        132       3111   hmc5883.o
       472         40          0         12        560       7729   hw_config.o
      1700         14          0          0          0       7357   iic.o
     12052        764          0        350       1356      14862   imu.o
       840         80          0         10         44       3060   ist8310.o
      8012       1406          0          4          0       4391   key.o
        84         18          0          0          0       1910   main.o
       220         22          0          0          0     211049   misc.o
      2620        324          0        224        516       6902   mpu6050.o
      5756        570          0        108          0       6355   namelesscorun_ctrl.o
      1368        170          0         90       1472       4454   namelesscorun_opticalflow.o
      3340        272          0        102        442       8658   namelesscotrun_sdk.o
      2780        304         10         84        340       7079   nrf24l01.o
      3736         96       6168          0          0       9830   oled.o
      2368        238          0         74          0       3926   opticalflow_control.o
       308         18        326          2          0       1665   opticalflow_lc306.o
      6684        250       1440          3       3470      11510   pid.o
       512         40          0         16         36       1959   ppm.o
       456         18          0          0          0       1609   pwm.o
      1316         10          0          1         64       7159   queue.o
       194          0          0          0          0       1932   ringbuf.o
       312         28          0          1         64       1786   sbus.o
      7156        542          0        292       8520      12998   sins.o
       276         12          0          0          0        952   spi2.o
      1976         92          0         42         44       6148   spl06_001.o
      4936        142       1275       1063          0      18838   ssd1306.o
        64         26        304          0       1536        804   startup_stm32f10x_hd.o
      1102         26          0          0          0      28937   stm32f10x_adc.o
       596          8          0          0          0      14070   stm32f10x_dma.o
       284         10          0          0          0       4307   stm32f10x_exti.o
      1468         34          0          0          0      14422   stm32f10x_flash.o
       860         38          0          0          0      13965   stm32f10x_gpio.o
       180         18          0          8         20       2504   stm32f10x_it.o
       932         36          0         20          0       8784   stm32f10x_rcc.o
       780         14          0          0          0      13398   stm32f10x_spi.o
      3610         88          0          0          0      43064   stm32f10x_tim.o
      1032         22          0          0          0      14372   stm32f10x_usart.o
       616         18          0          2          0       6500   system.o
       480         38          0         20          0       1759   system_stm32f10x.o
       360         62          0          8        128       6866   time.o
       296         22          0         20          0       1635   time_cnt.o
      1084        100          0         50        108       9118   us_100.o
      7972        434          0         50        358      13905   usart.o
      2896        114          0          3          0      19431   usb_core.o
         0          0        151         38          0       3779   usb_desc.o
       208         26          0          8         64       1532   usb_endp.o
        60         24          0         20         28       3926   usb_init.o
       828         34          0          4          0       1783   usb_int.o
       464         38          0         68          0       1567   usb_istr.o
        20          0          0          0          0        598   usb_it.o
        92          6          0          0          0       1302   usb_mem.o
       572         42          0        148          0       7275   usb_prop.o
       576         40          0         12         32       2859   usb_pwr.o
      2056         20          0          0          0      11885   usb_regs.o
       128          8          0          0          0       1370   usb_sil.o

    ----------------------------------------------------------------------
    132532       9686      12776       3960      21528     926838   Object Totals
         0          0         32          0          0          0   (incl. Generated)
         4          0          2         36          6          0   (incl. Padding)

    ----------------------------------------------------------------------

      Code (inc. data)   RO Data    RW Data    ZI Data      Debug   Library Member Name

        90          0          0          0          0          0   __dczerorl2.o
         8          0          0          0          0         68   __main.o
         0          0          0          0          0          0   __rtentry.o
        12          0          0          0          0          0   __rtentry2.o
         6          0          0          0          0          0   __rtentry4.o
        52          8          0          0          0          0   __scatter.o
        28          0          0          0          0          0   __scatter_zi.o
        22          0          0          0          0        100   _rserrno.o
        18          0          0          0          0         80   exit.o
         6          0          0          0          0        152   heapauxi.o
         0          0          0          0          0          0   indicate_semi.o
         2          0          0          0          0          0   libinit.o
         2          0          0          0          0          0   libinit2.o
         2          0          0          0          0          0   libshutdown.o
         2          0          0          0          0          0   libshutdown2.o
         8          4          0          0         96         68   libspace.o
         8          0          0          0          0         76   memcpy.o
         8          4          0          0          0         68   rt_errno_addr_intlibspace.o
        68          0          0          0          0         68   rt_memclr.o
        78          0          0          0          0         80   rt_memclr_w.o
       138          0          0          0          0         68   rt_memcpy_v6.o
       100          0          0          0          0         80   rt_memcpy_w.o
         2          0          0          0          0          0   rtexit.o
        10          0          0          0          0          0   rtexit2.o
        12          4          0          0          0         68   sys_exit.o
        74          0          0          0          0         80   sys_stackheap_outer.o
         2          0          0          0          0         68   use_no_semi.o
        98          4          0          0          0         92   d2f.o
       826         16          0          0          0        348   daddsub_clz.o
        16          4          0          0          0         68   dcheck1.o
        24          0          0          0          0         68   dcmpi.o
       688        140          0          0          0        208   ddiv.o
        94          4          0          0          0         92   dfix.o
        90          4          0          0          0         92   dfixu.o
        84          0          0          0          0        136   dflt_clz.o
       120          4          0          0          0         92   dleqf.o
       340         12          0          0          0        104   dmul.o
       156          4          0          0          0         92   dnaninf.o
        12          0          0          0          0         68   dretinf.o
       108          0          0          0          0         80   drleqf.o
       460         56          0          0          0        120   dsqrt_noumaal.o
        86          4          0          0          0         84   f2d.o
       450          8          0          0          0        236   faddsub_clz.o
        12          4          0          0          0         68   fcheck1.o
        24          0          0          0          0         68   fcmpi.o
       388         76          0          0          0         96   fdiv.o
       104          4          0          0          0         84   feqf.o
       136          8          0          0          0        168   ffix.o
        62          4          0          0          0         84   ffixu.o
        86          0          0          0          0        136   fflt_clz.o
       104          4          0          0          0         84   fleqf.o
       258          4          0          0          0         84   fmul.o
       140          4          0          0          0         84   fnaninf.o
        10          0          0          0          0         68   fretinf.o
        98          0          0          0          0         68   frleqf.o
        96          4          0          0          0         76   frnd.o
       272        100          0          0          0         88   fsqrt.o
       100          0          0          0          0         68   retnan.o
        92          0          0          0          0         68   scalbn.o
        76          0          0          0          0         68   scalbnf.o
        48          0          0          0          0         68   trapv.o
         0          0          0          0          0          0   usenofp.o
       624         52         80          0          0        168   asin.o
       544         70        152          0          0        124   atan.o
       384         38          0          0          0        144   atan2.o
       156          8          0          0          0        104   cos.o
       252         22         48          0          0        124   cos_i.o
       380         52          0          0          0        124   cosf.o
        68         10          0          0          0        408   dunder.o
       124         12          0          0          0         84   floorf.o
        40          0          0          0          0         68   fpclassify.o
        38          0          0          0          0         68   fpclassifyf.o
        48          0          0          0          0        408   funder.o
       170          0          0          0          0         96   poly.o
      2520        190        136          0          0        324   pow.o
      1568         80        320          0          0        224   powf.o
         0          0          8          0          0          0   qnan.o
       904         76        200          0          0        140   rred.o
       360         16         32          0          0         88   rredf.o
       160         10          0          0          0        108   sin.o
       236         12         40          0          0        128   sin_i.o
        76          0          0          0          0         84   sqrt.o
        44          0          0          0          0         80   sqrtf.o
       100         10          0          0          0         96   tan.o
       636         50         96          0          0        168   tan_i.o
       372         58          0          0          0        124   tanf.o

    ----------------------------------------------------------------------
     16348       1258       1112          0         96       8116   Library Totals
        28          0          0          0          0          0   (incl. Padding)

    ----------------------------------------------------------------------

      Code (inc. data)   RO Data    RW Data    ZI Data      Debug   Library Name

       758         20          0          0         96       1124   c_w.l
      5758        472          0          0          0       3508   fz_ws.l
      9804        766       1112          0          0       3484   m_ws.l

    ----------------------------------------------------------------------
     16348       1258       1112          0         96       8116   Library Totals

    ----------------------------------------------------------------------

==============================================================================


      Code (inc. data)   RO Data    RW Data    ZI Data      Debug   

    148880      10944      13888       3960      21624     924602   Grand Totals
    148880      10944      13888       1076      21624     924602   ELF Image Totals (compressed)
    148880      10944      13888       1076          0          0   ROM Totals

==============================================================================

    Total RO  Size (Code + RO Data)               162768 ( 158.95kB)
    Total RW  Size (RW Data + ZI Data)             25584 (  24.98kB)
    Total ROM Size (Code + RO Data + RW Data)     163844 ( 160.00kB)

==============================================================================

