<html>
<body>
<pre>
<h1>礦ision Build Log</h1>
<h2>Tool Versions:</h2>
IDE-Version: μVision V5.29.0.0
Copyright (C) 2019 ARM Ltd and ARM Germany GmbH. All rights reserved.
License Information: xi ma, null, LIC=NQQMA-1FZTR-LQM0Q-NSN2X-EGB9M-A879W
 
Tool Versions:
Toolchain:       MDK-ARM Plus  Version: 5.29.0.0
Toolchain Path:  D:\software\keilMDK\ARM\ARMCC\Bin
C Compiler:      Armcc.exe V5.06 update 6 (build 750)
Assembler:       Armasm.exe V5.06 update 6 (build 750)
Linker/Locator:  ArmLink.exe V5.06 update 6 (build 750)
Library Manager: ArmAr.exe V5.06 update 6 (build 750)
Hex Converter:   FromElf.exe V5.06 update 6 (build 750)
CPU DLL:         SARMCM3.DLL V5.29.0.0
Dialog DLL:      DCM.DLL V1.17.3.0
Target DLL:      STLink\ST-LINKIII-KEIL_SWO.dll V3.0.7.0
Dialog DLL:      TCM.DLL V1.36.5.0
 
<h2>Project:</h2>
F:\keil-project\无名官方给的飞控源码\NamelessCotrunQuad.uvprojx
Project File Date:  02/14/2020

<h2>Output:</h2>
*** Using Compiler 'V5.06 update 6 (build 750)', folder: 'D:\software\keilMDK\ARM\ARMCC\Bin'
Build target 'NamelessCotrunQuad'
compiling stm32f10x_rcc.c...
compiling misc.c...
compiling stm32f10x_gpio.c...
compiling stm32f10x_flash.c...
compiling stm32f10x_exti.c...
compiling stm32f10x_dma.c...
compiling stm32f10x_adc.c...
compiling stm32f10x_it.c...
compiling stm32f10x_rtc.c...
compiling stm32f10x_usart.c...
compiling stm32f10x_spi.c...
compiling stm32f10x_tim.c...
compiling main.c...
compiling Filter.c...
compiling PID.c...
compiling NamelessCorun_Ctrl.c...
compiling ADRC.c...
compiling Calibration.c...
compiling IMU.c...
compiling Flight_Parameter_Table.c...
compiling SINS.c...
compiling Flight_Control_Fault.c...
compiling Bling.c...
compiling delay.c...
compiling NamelessCotrun_SDK.c...
User\Controler\Src\NamelessCotrun_SDK.c(57): warning:  #550-D: variable "pos_base"  was set but never used
    static Vector2f pos_base;
User\Controler\Src\NamelessCotrun_SDK.c(105): warning:  #550-D: variable "pos_base"  was set but never used
    static Vector2f pos_base;
User\Controler\Src\NamelessCotrun_SDK.c(158): warning:  #550-D: variable "z_base"  was set but never used
    static float z_base;
User\Controler\Src\NamelessCotrun_SDK.c(402): warning:  #177-D: variable "sum"  was declared but never referenced
  	u8 sum = 0;
User\Controler\Src\NamelessCotrun_SDK.c: 4 warnings, 0 errors
compiling OpticalFlow_Control.c...
User\Controler\Src\OpticalFlow_Control.c(240): warning:  #177-D: variable "SDK_Ctrl_Cnt"  was declared but never referenced
    static uint16_t SDK_Ctrl_Cnt=0;
User\Controler\Src\OpticalFlow_Control.c: 1 warning, 0 errors
compiling FBM320.c...
compiling FLASH.c...
compiling GPS.c...
compiling HMC5883.c...
compiling IIC.c...
compiling IST8310.c...
compiling MPU6050.c...
compiling KEY.c...
compiling MS5611.c...
compiling SPI1.c...
compiling PWM.c...
compiling SPI2.c...
compiling PPM.c...
compiling NRF24L01.c...
compiling OLED.c...
compiling SPL06_001.c...
compiling Time_Cnt.c...
compiling TIME.c...
compiling SYSTEM.c...
compiling SBUS.c...
compiling OpticalFlow_LC306.c...
compiling ADC.c...
compiling USART.c...
assembling startup_stm32f10x_hd.s...
compiling core_cm3.c...
compiling arm_cos_f32.c...
compiling arm_cos_q15.c...
compiling system_stm32f10x.c...
compiling arm_cos_q31.c...
compiling US_100.c...
compiling arm_sin_f32.c...
compiling arm_sin_q15.c...
compiling arm_sin_q31.c...
compiling arm_sqrt_q15.c...
compiling ssd1306.c...
compiling arm_sqrt_q31.c...
compiling arm_mat_add_f32.c...
compiling arm_mat_add_q15.c...
compiling arm_mat_add_q31.c...
compiling arm_mat_cmplx_mult_f32.c...
compiling arm_mat_cmplx_mult_q15.c...
compiling arm_mat_init_f32.c...
compiling arm_mat_cmplx_mult_q31.c...
compiling arm_mat_init_q15.c...
compiling arm_mat_init_q31.c...
compiling arm_mat_inverse_f32.c...
compiling arm_mat_mult_f32.c...
compiling arm_mat_mult_fast_q15.c...
compiling arm_mat_mult_fast_q31.c...
compiling arm_mat_inverse_f64.c...
compiling arm_mat_mult_q31.c...
compiling arm_mat_mult_q15.c...
compiling arm_mat_scale_f32.c...
compiling arm_mat_sub_q15.c...
compiling arm_mat_scale_q31.c...
compiling arm_mat_scale_q15.c...
compiling arm_mat_sub_f32.c...
compiling arm_mat_sub_q31.c...
compiling arm_mat_trans_f32.c...
compiling arm_mat_trans_q15.c...
compiling arm_mat_trans_q31.c...
compiling arm_common_tables.c...
compiling CalibrationRoutines.c...
compiling usb_desc.c...
compiling ringbuf.c...
compiling Earth_Declination.c...
compiling hw_config.c...
compiling usb_endp.c...
compiling usb_it.c...
compiling usb_prop.c...
compiling usb_istr.c...
compiling usb_pwr.c...
compiling usb_core.c...
compiling Queue.c...
compiling usb_init.c...
compiling usb_int.c...
compiling usb_mem.c...
compiling usb_regs.c...
compiling usb_sil.c...
compiling control_althold.c...
compiling control_land.c...
compiling control_poshold.c...
linking...
Program Size: Code=148880 RO-data=13888 RW-data=3960 ZI-data=21624  
FromELF: creating hex file...
".\Output\NamelessCotrunQuad.axf" - 0 Error(s), 5 Warning(s).

<h2>Software Packages used:</h2>

Package Vendor: Keil
                http://www.keil.com/pack/Keil.STM32F1xx_DFP.2.3.0.pack
                Keil.STM32F1xx_DFP.2.3.0
                STMicroelectronics STM32F1 Series Device Support, Drivers and Examples

<h2>Collection of Component include folders:</h2>
  .\RTE\_NamelessCotrunQuad
  D:\software\keilMDK\ARM\PACK\Keil\STM32F1xx_DFP\2.3.0\Device\Include

<h2>Collection of Component Files used:</h2>
Build Time Elapsed:  00:00:21
</pre>
</body>
</html>
